<!doctype html public "-//w3c//dtd html 4.0 transitional//en">
<html><head>
<title>Static Call Graph - [MP\MP.axf]</title></head>
<body><HR>
<H1>Static Call Graph for image MP\MP.axf</H1><HR>
<BR><P>#&#060CALLGRAPH&#062# ARM Linker, 5060960: Last Updated: Tue Mar 17 12:13:27 2026
<BR><P>
<H3>Maximum Stack Usage =        288 bytes + Unknown(Cycles, Untraceable Function Pointers)</H3><H3>
Call chain for Maximum Stack Depth:</H3>
SignalCheckTaskFunc &rArr; DetermineSOLampsState &rArr; LogRequest &rArr; osMessageQueuePut &rArr; xQueueGenericSend &rArr; xTaskResumeAll &rArr; xTaskIncrementTick
<P>
<H3>
Mutually Recursive functions
</H3> <LI><a href="#[39]">ADC3_IRQHandler</a>&nbsp;&nbsp;&nbsp;&rArr;&nbsp;&nbsp;&nbsp;<a href="#[39]">ADC3_IRQHandler</a><BR>
 <LI><a href="#[4]">BusFault_Handler</a>&nbsp;&nbsp;&nbsp;&rArr;&nbsp;&nbsp;&nbsp;<a href="#[4]">BusFault_Handler</a><BR>
 <LI><a href="#[2]">HardFault_Handler</a>&nbsp;&nbsp;&nbsp;&rArr;&nbsp;&nbsp;&nbsp;<a href="#[2]">HardFault_Handler</a><BR>
 <LI><a href="#[3]">MemManage_Handler</a>&nbsp;&nbsp;&nbsp;&rArr;&nbsp;&nbsp;&nbsp;<a href="#[3]">MemManage_Handler</a><BR>
 <LI><a href="#[1]">NMI_Handler</a>&nbsp;&nbsp;&nbsp;&rArr;&nbsp;&nbsp;&nbsp;<a href="#[1]">NMI_Handler</a><BR>
 <LI><a href="#[5]">UsageFault_Handler</a>&nbsp;&nbsp;&nbsp;&rArr;&nbsp;&nbsp;&nbsp;<a href="#[5]">UsageFault_Handler</a><BR>
</UL>
<P>
<H3>
Function Pointers
</H3><UL>
 <LI><a href="#[1c]">ADC1_2_IRQHandler</a> from stm32g4xx_it.o(i.ADC1_2_IRQHandler) referenced from startup_stm32g473xx.o(RESET)
 <LI><a href="#[39]">ADC3_IRQHandler</a> from startup_stm32g473xx.o(.text) referenced from startup_stm32g473xx.o(RESET)
 <LI><a href="#[47]">ADC4_IRQHandler</a> from startup_stm32g473xx.o(.text) referenced from startup_stm32g473xx.o(RESET)
 <LI><a href="#[48]">ADC5_IRQHandler</a> from startup_stm32g473xx.o(.text) referenced from startup_stm32g473xx.o(RESET)
 <LI><a href="#[4]">BusFault_Handler</a> from stm32g4xx_it.o(i.BusFault_Handler) referenced from startup_stm32g473xx.o(RESET)
 <LI><a href="#[6f]">CANMsgParserTaskFunc</a> from canrxtx.o(i.CANMsgParserTaskFunc) referenced from app_freertos.o(i.MX_FREERTOS_Init)
 <LI><a href="#[70]">CANMsgSenderTaskFunc</a> from canrxtx.o(i.CANMsgSenderTaskFunc) referenced from app_freertos.o(i.MX_FREERTOS_Init)
 <LI><a href="#[4a]">COMP1_2_3_IRQHandler</a> from startup_stm32g473xx.o(.text) referenced from startup_stm32g473xx.o(RESET)
 <LI><a href="#[4b]">COMP4_5_6_IRQHandler</a> from startup_stm32g473xx.o(.text) referenced from startup_stm32g473xx.o(RESET)
 <LI><a href="#[4c]">COMP7_IRQHandler</a> from startup_stm32g473xx.o(.text) referenced from startup_stm32g473xx.o(RESET)
 <LI><a href="#[65]">CORDIC_IRQHandler</a> from startup_stm32g473xx.o(.text) referenced from startup_stm32g473xx.o(RESET)
 <LI><a href="#[4d]">CRS_IRQHandler</a> from startup_stm32g473xx.o(.text) referenced from startup_stm32g473xx.o(RESET)
 <LI><a href="#[15]">DMA1_Channel1_IRQHandler</a> from stm32g4xx_it.o(i.DMA1_Channel1_IRQHandler) referenced from startup_stm32g473xx.o(RESET)
 <LI><a href="#[16]">DMA1_Channel2_IRQHandler</a> from stm32g4xx_it.o(i.DMA1_Channel2_IRQHandler) referenced from startup_stm32g473xx.o(RESET)
 <LI><a href="#[17]">DMA1_Channel3_IRQHandler</a> from stm32g4xx_it.o(i.DMA1_Channel3_IRQHandler) referenced from startup_stm32g473xx.o(RESET)
 <LI><a href="#[18]">DMA1_Channel4_IRQHandler</a> from stm32g4xx_it.o(i.DMA1_Channel4_IRQHandler) referenced from startup_stm32g473xx.o(RESET)
 <LI><a href="#[19]">DMA1_Channel5_IRQHandler</a> from stm32g4xx_it.o(i.DMA1_Channel5_IRQHandler) referenced from startup_stm32g473xx.o(RESET)
 <LI><a href="#[1a]">DMA1_Channel6_IRQHandler</a> from stm32g4xx_it.o(i.DMA1_Channel6_IRQHandler) referenced from startup_stm32g473xx.o(RESET)
 <LI><a href="#[1b]">DMA1_Channel7_IRQHandler</a> from startup_stm32g473xx.o(.text) referenced from startup_stm32g473xx.o(RESET)
 <LI><a href="#[61]">DMA1_Channel8_IRQHandler</a> from startup_stm32g473xx.o(.text) referenced from startup_stm32g473xx.o(RESET)
 <LI><a href="#[42]">DMA2_Channel1_IRQHandler</a> from startup_stm32g473xx.o(.text) referenced from startup_stm32g473xx.o(RESET)
 <LI><a href="#[43]">DMA2_Channel2_IRQHandler</a> from startup_stm32g473xx.o(.text) referenced from startup_stm32g473xx.o(RESET)
 <LI><a href="#[44]">DMA2_Channel3_IRQHandler</a> from startup_stm32g473xx.o(.text) referenced from startup_stm32g473xx.o(RESET)
 <LI><a href="#[45]">DMA2_Channel4_IRQHandler</a> from startup_stm32g473xx.o(.text) referenced from startup_stm32g473xx.o(RESET)
 <LI><a href="#[46]">DMA2_Channel5_IRQHandler</a> from startup_stm32g473xx.o(.text) referenced from startup_stm32g473xx.o(RESET)
 <LI><a href="#[62]">DMA2_Channel6_IRQHandler</a> from startup_stm32g473xx.o(.text) referenced from startup_stm32g473xx.o(RESET)
 <LI><a href="#[63]">DMA2_Channel7_IRQHandler</a> from startup_stm32g473xx.o(.text) referenced from startup_stm32g473xx.o(RESET)
 <LI><a href="#[64]">DMA2_Channel8_IRQHandler</a> from startup_stm32g473xx.o(.text) referenced from startup_stm32g473xx.o(RESET)
 <LI><a href="#[5f]">DMAMUX_OVR_IRQHandler</a> from startup_stm32g473xx.o(.text) referenced from startup_stm32g473xx.o(RESET)
 <LI><a href="#[7]">DebugMon_Handler</a> from stm32g4xx_it.o(i.DebugMon_Handler) referenced from startup_stm32g473xx.o(RESET)
 <LI><a href="#[6d]">DefaultTaskFunc</a> from app_freertos.o(i.DefaultTaskFunc) referenced from app_freertos.o(i.MX_FREERTOS_Init)
 <LI><a href="#[10]">EXTI0_IRQHandler</a> from startup_stm32g473xx.o(.text) referenced from startup_stm32g473xx.o(RESET)
 <LI><a href="#[32]">EXTI15_10_IRQHandler</a> from startup_stm32g473xx.o(.text) referenced from startup_stm32g473xx.o(RESET)
 <LI><a href="#[11]">EXTI1_IRQHandler</a> from startup_stm32g473xx.o(.text) referenced from startup_stm32g473xx.o(RESET)
 <LI><a href="#[12]">EXTI2_IRQHandler</a> from startup_stm32g473xx.o(.text) referenced from startup_stm32g473xx.o(RESET)
 <LI><a href="#[13]">EXTI3_IRQHandler</a> from startup_stm32g473xx.o(.text) referenced from startup_stm32g473xx.o(RESET)
 <LI><a href="#[14]">EXTI4_IRQHandler</a> from startup_stm32g473xx.o(.text) referenced from startup_stm32g473xx.o(RESET)
 <LI><a href="#[21]">EXTI9_5_IRQHandler</a> from startup_stm32g473xx.o(.text) referenced from startup_stm32g473xx.o(RESET)
 <LI><a href="#[1f]">FDCAN1_IT0_IRQHandler</a> from stm32g4xx_it.o(i.FDCAN1_IT0_IRQHandler) referenced from startup_stm32g473xx.o(RESET)
 <LI><a href="#[20]">FDCAN1_IT1_IRQHandler</a> from stm32g4xx_it.o(i.FDCAN1_IT1_IRQHandler) referenced from startup_stm32g473xx.o(RESET)
 <LI><a href="#[57]">FDCAN2_IT0_IRQHandler</a> from stm32g4xx_it.o(i.FDCAN2_IT0_IRQHandler) referenced from startup_stm32g473xx.o(RESET)
 <LI><a href="#[58]">FDCAN2_IT1_IRQHandler</a> from stm32g4xx_it.o(i.FDCAN2_IT1_IRQHandler) referenced from startup_stm32g473xx.o(RESET)
 <LI><a href="#[59]">FDCAN3_IT0_IRQHandler</a> from startup_stm32g473xx.o(.text) referenced from startup_stm32g473xx.o(RESET)
 <LI><a href="#[5a]">FDCAN3_IT1_IRQHandler</a> from startup_stm32g473xx.o(.text) referenced from startup_stm32g473xx.o(RESET)
 <LI><a href="#[e]">FLASH_IRQHandler</a> from startup_stm32g473xx.o(.text) referenced from startup_stm32g473xx.o(RESET)
 <LI><a href="#[66]">FMAC_IRQHandler</a> from startup_stm32g473xx.o(.text) referenced from startup_stm32g473xx.o(RESET)
 <LI><a href="#[3a]">FMC_IRQHandler</a> from startup_stm32g473xx.o(.text) referenced from startup_stm32g473xx.o(RESET)
 <LI><a href="#[53]">FPU_IRQHandler</a> from startup_stm32g473xx.o(.text) referenced from startup_stm32g473xx.o(RESET)
 <LI><a href="#[2]">HardFault_Handler</a> from stm32g4xx_it.o(i.HardFault_Handler) referenced from startup_stm32g473xx.o(RESET)
 <LI><a href="#[2a]">I2C1_ER_IRQHandler</a> from startup_stm32g473xx.o(.text) referenced from startup_stm32g473xx.o(RESET)
 <LI><a href="#[29]">I2C1_EV_IRQHandler</a> from startup_stm32g473xx.o(.text) referenced from startup_stm32g473xx.o(RESET)
 <LI><a href="#[2c]">I2C2_ER_IRQHandler</a> from startup_stm32g473xx.o(.text) referenced from startup_stm32g473xx.o(RESET)
 <LI><a href="#[2b]">I2C2_EV_IRQHandler</a> from startup_stm32g473xx.o(.text) referenced from startup_stm32g473xx.o(RESET)
 <LI><a href="#[5e]">I2C3_ER_IRQHandler</a> from stm32g4xx_it.o(i.I2C3_ER_IRQHandler) referenced from startup_stm32g473xx.o(RESET)
 <LI><a href="#[5d]">I2C3_EV_IRQHandler</a> from stm32g4xx_it.o(i.I2C3_EV_IRQHandler) referenced from startup_stm32g473xx.o(RESET)
 <LI><a href="#[55]">I2C4_ER_IRQHandler</a> from stm32g4xx_it.o(i.I2C4_ER_IRQHandler) referenced from startup_stm32g473xx.o(RESET)
 <LI><a href="#[54]">I2C4_EV_IRQHandler</a> from stm32g4xx_it.o(i.I2C4_EV_IRQHandler) referenced from startup_stm32g473xx.o(RESET)
 <LI><a href="#[6b]">I2C_DMAAbort</a> from stm32g4xx_hal_i2c.o(i.I2C_DMAAbort) referenced from stm32g4xx_hal_i2c.o(i.I2C_ITError)
 <LI><a href="#[6c]">I2C_Slave_ISR_IT</a> from stm32g4xx_hal_i2c.o(i.I2C_Slave_ISR_IT) referenced from stm32g4xx_hal_i2c.o(i.I2C_ITError)
 <LI><a href="#[3b]">LPTIM1_IRQHandler</a> from startup_stm32g473xx.o(.text) referenced from startup_stm32g473xx.o(RESET)
 <LI><a href="#[5c]">LPUART1_IRQHandler</a> from startup_stm32g473xx.o(.text) referenced from startup_stm32g473xx.o(RESET)
 <LI><a href="#[72]">MaintenanceTaskFunc</a> from maintenance.o(i.MaintenanceTaskFunc) referenced from app_freertos.o(i.MX_FREERTOS_Init)
 <LI><a href="#[3]">MemManage_Handler</a> from stm32g4xx_it.o(i.MemManage_Handler) referenced from startup_stm32g473xx.o(RESET)
 <LI><a href="#[1]">NMI_Handler</a> from stm32g4xx_it.o(i.NMI_Handler) referenced from startup_stm32g473xx.o(RESET)
 <LI><a href="#[b]">PVD_PVM_IRQHandler</a> from startup_stm32g473xx.o(.text) referenced from startup_stm32g473xx.o(RESET)
 <LI><a href="#[8]">PendSV_Handler</a> from port.o(.emb_text) referenced from startup_stm32g473xx.o(RESET)
 <LI><a href="#[60]">QUADSPI_IRQHandler</a> from startup_stm32g473xx.o(.text) referenced from startup_stm32g473xx.o(RESET)
 <LI><a href="#[f]">RCC_IRQHandler</a> from startup_stm32g473xx.o(.text) referenced from startup_stm32g473xx.o(RESET)
 <LI><a href="#[5b]">RNG_IRQHandler</a> from stm32g4xx_it.o(i.RNG_IRQHandler) referenced from startup_stm32g473xx.o(RESET)
 <LI><a href="#[33]">RTC_Alarm_IRQHandler</a> from startup_stm32g473xx.o(.text) referenced from startup_stm32g473xx.o(RESET)
 <LI><a href="#[c]">RTC_TAMP_LSECSS_IRQHandler</a> from startup_stm32g473xx.o(.text) referenced from startup_stm32g473xx.o(RESET)
 <LI><a href="#[d]">RTC_WKUP_IRQHandler</a> from startup_stm32g473xx.o(.text) referenced from startup_stm32g473xx.o(RESET)
 <LI><a href="#[0]">Reset_Handler</a> from startup_stm32g473xx.o(.text) referenced from startup_stm32g473xx.o(RESET)
 <LI><a href="#[4e]">SAI1_IRQHandler</a> from startup_stm32g473xx.o(.text) referenced from startup_stm32g473xx.o(RESET)
 <LI><a href="#[6e]">SOCatchTaskFunc</a> from signaloutputcatch.o(i.SOCatchTaskFunc) referenced from app_freertos.o(i.MX_FREERTOS_Init)
 <LI><a href="#[2d]">SPI1_IRQHandler</a> from startup_stm32g473xx.o(.text) referenced from startup_stm32g473xx.o(RESET)
 <LI><a href="#[2e]">SPI2_IRQHandler</a> from stm32g4xx_it.o(i.SPI2_IRQHandler) referenced from startup_stm32g473xx.o(RESET)
 <LI><a href="#[3d]">SPI3_IRQHandler</a> from startup_stm32g473xx.o(.text) referenced from startup_stm32g473xx.o(RESET)
 <LI><a href="#[56]">SPI4_IRQHandler</a> from startup_stm32g473xx.o(.text) referenced from startup_stm32g473xx.o(RESET)
 <LI><a href="#[6a]">SPI_DMAAbortOnError</a> from stm32g4xx_hal_spi.o(i.SPI_DMAAbortOnError) referenced from stm32g4xx_hal_spi.o(i.HAL_SPI_IRQHandler)
 <LI><a href="#[6]">SVC_Handler</a> from port.o(.emb_text) referenced from startup_stm32g473xx.o(RESET)
 <LI><a href="#[71]">SignalCheckTaskFunc</a> from signalcheck.o(i.SignalCheckTaskFunc) referenced from app_freertos.o(i.MX_FREERTOS_Init)
 <LI><a href="#[9]">SysTick_Handler</a> from cmsis_os2.o(i.SysTick_Handler) referenced from startup_stm32g473xx.o(RESET)
 <LI><a href="#[68]">SystemInit</a> from system_stm32g4xx.o(i.SystemInit) referenced from startup_stm32g473xx.o(.text)
 <LI><a href="#[22]">TIM1_BRK_TIM15_IRQHandler</a> from startup_stm32g473xx.o(.text) referenced from startup_stm32g473xx.o(RESET)
 <LI><a href="#[25]">TIM1_CC_IRQHandler</a> from startup_stm32g473xx.o(.text) referenced from startup_stm32g473xx.o(RESET)
 <LI><a href="#[24]">TIM1_TRG_COM_TIM17_IRQHandler</a> from startup_stm32g473xx.o(.text) referenced from startup_stm32g473xx.o(RESET)
 <LI><a href="#[23]">TIM1_UP_TIM16_IRQHandler</a> from stm32g4xx_it.o(i.TIM1_UP_TIM16_IRQHandler) referenced from startup_stm32g473xx.o(RESET)
 <LI><a href="#[4f]">TIM20_BRK_IRQHandler</a> from startup_stm32g473xx.o(.text) referenced from startup_stm32g473xx.o(RESET)
 <LI><a href="#[52]">TIM20_CC_IRQHandler</a> from startup_stm32g473xx.o(.text) referenced from startup_stm32g473xx.o(RESET)
 <LI><a href="#[51]">TIM20_TRG_COM_IRQHandler</a> from startup_stm32g473xx.o(.text) referenced from startup_stm32g473xx.o(RESET)
 <LI><a href="#[50]">TIM20_UP_IRQHandler</a> from startup_stm32g473xx.o(.text) referenced from startup_stm32g473xx.o(RESET)
 <LI><a href="#[26]">TIM2_IRQHandler</a> from stm32g4xx_it.o(i.TIM2_IRQHandler) referenced from startup_stm32g473xx.o(RESET)
 <LI><a href="#[27]">TIM3_IRQHandler</a> from startup_stm32g473xx.o(.text) referenced from startup_stm32g473xx.o(RESET)
 <LI><a href="#[28]">TIM4_IRQHandler</a> from startup_stm32g473xx.o(.text) referenced from startup_stm32g473xx.o(RESET)
 <LI><a href="#[3c]">TIM5_IRQHandler</a> from startup_stm32g473xx.o(.text) referenced from startup_stm32g473xx.o(RESET)
 <LI><a href="#[40]">TIM6_DAC_IRQHandler</a> from startup_stm32g473xx.o(.text) referenced from startup_stm32g473xx.o(RESET)
 <LI><a href="#[41]">TIM7_DAC_IRQHandler</a> from startup_stm32g473xx.o(.text) referenced from startup_stm32g473xx.o(RESET)
 <LI><a href="#[35]">TIM8_BRK_IRQHandler</a> from startup_stm32g473xx.o(.text) referenced from startup_stm32g473xx.o(RESET)
 <LI><a href="#[38]">TIM8_CC_IRQHandler</a> from startup_stm32g473xx.o(.text) referenced from startup_stm32g473xx.o(RESET)
 <LI><a href="#[37]">TIM8_TRG_COM_IRQHandler</a> from startup_stm32g473xx.o(.text) referenced from startup_stm32g473xx.o(RESET)
 <LI><a href="#[36]">TIM8_UP_IRQHandler</a> from startup_stm32g473xx.o(.text) referenced from startup_stm32g473xx.o(RESET)
 <LI><a href="#[3e]">UART4_IRQHandler</a> from startup_stm32g473xx.o(.text) referenced from startup_stm32g473xx.o(RESET)
 <LI><a href="#[3f]">UART5_IRQHandler</a> from startup_stm32g473xx.o(.text) referenced from startup_stm32g473xx.o(RESET)
 <LI><a href="#[49]">UCPD1_IRQHandler</a> from startup_stm32g473xx.o(.text) referenced from startup_stm32g473xx.o(RESET)
 <LI><a href="#[2f]">USART1_IRQHandler</a> from startup_stm32g473xx.o(.text) referenced from startup_stm32g473xx.o(RESET)
 <LI><a href="#[30]">USART2_IRQHandler</a> from startup_stm32g473xx.o(.text) referenced from startup_stm32g473xx.o(RESET)
 <LI><a href="#[31]">USART3_IRQHandler</a> from startup_stm32g473xx.o(.text) referenced from startup_stm32g473xx.o(RESET)
 <LI><a href="#[34]">USBWakeUp_IRQHandler</a> from startup_stm32g473xx.o(.text) referenced from startup_stm32g473xx.o(RESET)
 <LI><a href="#[1d]">USB_HP_IRQHandler</a> from startup_stm32g473xx.o(.text) referenced from startup_stm32g473xx.o(RESET)
 <LI><a href="#[1e]">USB_LP_IRQHandler</a> from startup_stm32g473xx.o(.text) referenced from startup_stm32g473xx.o(RESET)
 <LI><a href="#[5]">UsageFault_Handler</a> from stm32g4xx_it.o(i.UsageFault_Handler) referenced from startup_stm32g473xx.o(RESET)
 <LI><a href="#[a]">WWDG_IRQHandler</a> from startup_stm32g473xx.o(.text) referenced from startup_stm32g473xx.o(RESET)
 <LI><a href="#[69]">__main</a> from entry.o(.ARM.Collect$$$$00000000) referenced from startup_stm32g473xx.o(.text)
 <LI><a href="#[67]">main</a> from main.o(i.main) referenced from entry9a.o(.ARM.Collect$$$$0000000B)
 <LI><a href="#[74]">prvIdleTask</a> from tasks.o(i.prvIdleTask) referenced from tasks.o(i.vTaskStartScheduler)
 <LI><a href="#[73]">prvTaskExitError</a> from port.o(i.prvTaskExitError) referenced from port.o(i.pxPortInitialiseStack)
 <LI><a href="#[77]">prvTimerTask</a> from timers.o(i.prvTimerTask) referenced from timers.o(i.xTimerCreateTimerTask)
 <LI><a href="#[75]">vEventGroupClearBitsCallback</a> from event_groups.o(i.vEventGroupClearBitsCallback) referenced from event_groups.o(i.xEventGroupClearBitsFromISR)
 <LI><a href="#[76]">vEventGroupSetBitsCallback</a> from event_groups.o(i.vEventGroupSetBitsCallback) referenced from event_groups.o(i.xEventGroupSetBitsFromISR)
</UL>
<P>
<H3>
Global Symbols
</H3>
<P><STRONG><a name="[69]"></a>__main</STRONG> (Thumb, 0 bytes, Stack size unknown bytes, entry.o(.ARM.Collect$$$$00000000))
<BR>[Address Reference Count : 1]<UL><LI> startup_stm32g473xx.o(.text)
</UL>
<P><STRONG><a name="[25f]"></a>_main_stk</STRONG> (Thumb, 0 bytes, Stack size unknown bytes, entry2.o(.ARM.Collect$$$$00000001))

<P><STRONG><a name="[78]"></a>_main_scatterload</STRONG> (Thumb, 0 bytes, Stack size unknown bytes, entry5.o(.ARM.Collect$$$$00000004))
<BR><BR>[Calls]<UL><LI><a href="#[79]">&gt;&gt;</a>&nbsp;&nbsp;&nbsp;__scatterload
</UL>

<P><STRONG><a name="[8c]"></a>__main_after_scatterload</STRONG> (Thumb, 0 bytes, Stack size unknown bytes, entry5.o(.ARM.Collect$$$$00000004))
<BR><BR>[Called By]<UL><LI><a href="#[79]">&gt;&gt;</a>&nbsp;&nbsp;&nbsp;__scatterload
</UL>

<P><STRONG><a name="[260]"></a>_main_clock</STRONG> (Thumb, 0 bytes, Stack size unknown bytes, entry7b.o(.ARM.Collect$$$$00000008))

<P><STRONG><a name="[261]"></a>_main_cpp_init</STRONG> (Thumb, 0 bytes, Stack size unknown bytes, entry8b.o(.ARM.Collect$$$$0000000A))

<P><STRONG><a name="[262]"></a>_main_init</STRONG> (Thumb, 0 bytes, Stack size unknown bytes, entry9a.o(.ARM.Collect$$$$0000000B))

<P><STRONG><a name="[263]"></a>__rt_lib_shutdown_fini</STRONG> (Thumb, 0 bytes, Stack size unknown bytes, entry12b.o(.ARM.Collect$$$$0000000E))

<P><STRONG><a name="[264]"></a>__rt_final_cpp</STRONG> (Thumb, 0 bytes, Stack size unknown bytes, entry10a.o(.ARM.Collect$$$$0000000F))

<P><STRONG><a name="[265]"></a>__rt_final_exit</STRONG> (Thumb, 0 bytes, Stack size unknown bytes, entry11a.o(.ARM.Collect$$$$00000011))

<P><STRONG><a name="[6]"></a>SVC_Handler</STRONG> (Thumb, 28 bytes, Stack size 0 bytes, port.o(.emb_text))
<BR>[Address Reference Count : 1]<UL><LI> startup_stm32g473xx.o(RESET)
</UL>
<P><STRONG><a name="[258]"></a>__asm___6_port_c_39a90d8d__prvStartFirstTask</STRONG> (Thumb, 36 bytes, Stack size 0 bytes, port.o(.emb_text))
<BR><BR>[Called By]<UL><LI><a href="#[250]">&gt;&gt;</a>&nbsp;&nbsp;&nbsp;xPortStartScheduler
</UL>

<P><STRONG><a name="[257]"></a>__asm___6_port_c_39a90d8d__prvEnableVFP</STRONG> (Thumb, 16 bytes, Stack size 0 bytes, port.o(.emb_text))
<BR><BR>[Called By]<UL><LI><a href="#[250]">&gt;&gt;</a>&nbsp;&nbsp;&nbsp;xPortStartScheduler
</UL>

<P><STRONG><a name="[8]"></a>PendSV_Handler</STRONG> (Thumb, 88 bytes, Stack size 0 bytes, port.o(.emb_text))
<BR><BR>[Stack]<UL><LI>Max Depth = 184<LI>Call Chain = PendSV_Handler &rArr; vTaskSwitchContext &rArr; vApplicationStackOverflowHook &rArr; LogRequest &rArr; osMessageQueuePut &rArr; xQueueGenericSend &rArr; xTaskResumeAll &rArr; xTaskIncrementTick
</UL>
<BR>[Calls]<UL><LI><a href="#[7a]">&gt;&gt;</a>&nbsp;&nbsp;&nbsp;vTaskSwitchContext
</UL>
<BR>[Address Reference Count : 1]<UL><LI> startup_stm32g473xx.o(RESET)
</UL>
<P><STRONG><a name="[246]"></a>vPortGetIPSR</STRONG> (Thumb, 6 bytes, Stack size 0 bytes, port.o(.emb_text))
<BR><BR>[Called By]<UL><LI><a href="#[245]">&gt;&gt;</a>&nbsp;&nbsp;&nbsp;vPortValidateInterruptPriority
</UL>

<P><STRONG><a name="[0]"></a>Reset_Handler</STRONG> (Thumb, 8 bytes, Stack size 0 bytes, startup_stm32g473xx.o(.text))
<BR>[Address Reference Count : 1]<UL><LI> startup_stm32g473xx.o(RESET)
</UL>
<P><STRONG><a name="[39]"></a>ADC3_IRQHandler</STRONG> (Thumb, 0 bytes, Stack size 0 bytes, startup_stm32g473xx.o(.text))
<BR><BR>[Calls]<UL><LI><a href="#[39]">&gt;&gt;</a>&nbsp;&nbsp;&nbsp;ADC3_IRQHandler
</UL>
<BR>[Called By]<UL><LI><a href="#[39]">&gt;&gt;</a>&nbsp;&nbsp;&nbsp;ADC3_IRQHandler
</UL>
<BR>[Address Reference Count : 1]<UL><LI> startup_stm32g473xx.o(RESET)
</UL>
<P><STRONG><a name="[47]"></a>ADC4_IRQHandler</STRONG> (Thumb, 0 bytes, Stack size 0 bytes, startup_stm32g473xx.o(.text))
<BR>[Address Reference Count : 1]<UL><LI> startup_stm32g473xx.o(RESET)
</UL>
<P><STRONG><a name="[48]"></a>ADC5_IRQHandler</STRONG> (Thumb, 0 bytes, Stack size 0 bytes, startup_stm32g473xx.o(.text))
<BR>[Address Reference Count : 1]<UL><LI> startup_stm32g473xx.o(RESET)
</UL>
<P><STRONG><a name="[4a]"></a>COMP1_2_3_IRQHandler</STRONG> (Thumb, 0 bytes, Stack size 0 bytes, startup_stm32g473xx.o(.text))
<BR>[Address Reference Count : 1]<UL><LI> startup_stm32g473xx.o(RESET)
</UL>
<P><STRONG><a name="[4b]"></a>COMP4_5_6_IRQHandler</STRONG> (Thumb, 0 bytes, Stack size 0 bytes, startup_stm32g473xx.o(.text))
<BR>[Address Reference Count : 1]<UL><LI> startup_stm32g473xx.o(RESET)
</UL>
<P><STRONG><a name="[4c]"></a>COMP7_IRQHandler</STRONG> (Thumb, 0 bytes, Stack size 0 bytes, startup_stm32g473xx.o(.text))
<BR>[Address Reference Count : 1]<UL><LI> startup_stm32g473xx.o(RESET)
</UL>
<P><STRONG><a name="[65]"></a>CORDIC_IRQHandler</STRONG> (Thumb, 0 bytes, Stack size 0 bytes, startup_stm32g473xx.o(.text))
<BR>[Address Reference Count : 1]<UL><LI> startup_stm32g473xx.o(RESET)
</UL>
<P><STRONG><a name="[4d]"></a>CRS_IRQHandler</STRONG> (Thumb, 0 bytes, Stack size 0 bytes, startup_stm32g473xx.o(.text))
<BR>[Address Reference Count : 1]<UL><LI> startup_stm32g473xx.o(RESET)
</UL>
<P><STRONG><a name="[1b]"></a>DMA1_Channel7_IRQHandler</STRONG> (Thumb, 0 bytes, Stack size 0 bytes, startup_stm32g473xx.o(.text))
<BR>[Address Reference Count : 1]<UL><LI> startup_stm32g473xx.o(RESET)
</UL>
<P><STRONG><a name="[61]"></a>DMA1_Channel8_IRQHandler</STRONG> (Thumb, 0 bytes, Stack size 0 bytes, startup_stm32g473xx.o(.text))
<BR>[Address Reference Count : 1]<UL><LI> startup_stm32g473xx.o(RESET)
</UL>
<P><STRONG><a name="[42]"></a>DMA2_Channel1_IRQHandler</STRONG> (Thumb, 0 bytes, Stack size 0 bytes, startup_stm32g473xx.o(.text))
<BR>[Address Reference Count : 1]<UL><LI> startup_stm32g473xx.o(RESET)
</UL>
<P><STRONG><a name="[43]"></a>DMA2_Channel2_IRQHandler</STRONG> (Thumb, 0 bytes, Stack size 0 bytes, startup_stm32g473xx.o(.text))
<BR>[Address Reference Count : 1]<UL><LI> startup_stm32g473xx.o(RESET)
</UL>
<P><STRONG><a name="[44]"></a>DMA2_Channel3_IRQHandler</STRONG> (Thumb, 0 bytes, Stack size 0 bytes, startup_stm32g473xx.o(.text))
<BR>[Address Reference Count : 1]<UL><LI> startup_stm32g473xx.o(RESET)
</UL>
<P><STRONG><a name="[45]"></a>DMA2_Channel4_IRQHandler</STRONG> (Thumb, 0 bytes, Stack size 0 bytes, startup_stm32g473xx.o(.text))
<BR>[Address Reference Count : 1]<UL><LI> startup_stm32g473xx.o(RESET)
</UL>
<P><STRONG><a name="[46]"></a>DMA2_Channel5_IRQHandler</STRONG> (Thumb, 0 bytes, Stack size 0 bytes, startup_stm32g473xx.o(.text))
<BR>[Address Reference Count : 1]<UL><LI> startup_stm32g473xx.o(RESET)
</UL>
<P><STRONG><a name="[62]"></a>DMA2_Channel6_IRQHandler</STRONG> (Thumb, 0 bytes, Stack size 0 bytes, startup_stm32g473xx.o(.text))
<BR>[Address Reference Count : 1]<UL><LI> startup_stm32g473xx.o(RESET)
</UL>
<P><STRONG><a name="[63]"></a>DMA2_Channel7_IRQHandler</STRONG> (Thumb, 0 bytes, Stack size 0 bytes, startup_stm32g473xx.o(.text))
<BR>[Address Reference Count : 1]<UL><LI> startup_stm32g473xx.o(RESET)
</UL>
<P><STRONG><a name="[64]"></a>DMA2_Channel8_IRQHandler</STRONG> (Thumb, 0 bytes, Stack size 0 bytes, startup_stm32g473xx.o(.text))
<BR>[Address Reference Count : 1]<UL><LI> startup_stm32g473xx.o(RESET)
</UL>
<P><STRONG><a name="[5f]"></a>DMAMUX_OVR_IRQHandler</STRONG> (Thumb, 0 bytes, Stack size 0 bytes, startup_stm32g473xx.o(.text))
<BR>[Address Reference Count : 1]<UL><LI> startup_stm32g473xx.o(RESET)
</UL>
<P><STRONG><a name="[10]"></a>EXTI0_IRQHandler</STRONG> (Thumb, 0 bytes, Stack size 0 bytes, startup_stm32g473xx.o(.text))
<BR>[Address Reference Count : 1]<UL><LI> startup_stm32g473xx.o(RESET)
</UL>
<P><STRONG><a name="[32]"></a>EXTI15_10_IRQHandler</STRONG> (Thumb, 0 bytes, Stack size 0 bytes, startup_stm32g473xx.o(.text))
<BR>[Address Reference Count : 1]<UL><LI> startup_stm32g473xx.o(RESET)
</UL>
<P><STRONG><a name="[11]"></a>EXTI1_IRQHandler</STRONG> (Thumb, 0 bytes, Stack size 0 bytes, startup_stm32g473xx.o(.text))
<BR>[Address Reference Count : 1]<UL><LI> startup_stm32g473xx.o(RESET)
</UL>
<P><STRONG><a name="[12]"></a>EXTI2_IRQHandler</STRONG> (Thumb, 0 bytes, Stack size 0 bytes, startup_stm32g473xx.o(.text))
<BR>[Address Reference Count : 1]<UL><LI> startup_stm32g473xx.o(RESET)
</UL>
<P><STRONG><a name="[13]"></a>EXTI3_IRQHandler</STRONG> (Thumb, 0 bytes, Stack size 0 bytes, startup_stm32g473xx.o(.text))
<BR>[Address Reference Count : 1]<UL><LI> startup_stm32g473xx.o(RESET)
</UL>
<P><STRONG><a name="[14]"></a>EXTI4_IRQHandler</STRONG> (Thumb, 0 bytes, Stack size 0 bytes, startup_stm32g473xx.o(.text))
<BR>[Address Reference Count : 1]<UL><LI> startup_stm32g473xx.o(RESET)
</UL>
<P><STRONG><a name="[21]"></a>EXTI9_5_IRQHandler</STRONG> (Thumb, 0 bytes, Stack size 0 bytes, startup_stm32g473xx.o(.text))
<BR>[Address Reference Count : 1]<UL><LI> startup_stm32g473xx.o(RESET)
</UL>
<P><STRONG><a name="[59]"></a>FDCAN3_IT0_IRQHandler</STRONG> (Thumb, 0 bytes, Stack size 0 bytes, startup_stm32g473xx.o(.text))
<BR>[Address Reference Count : 1]<UL><LI> startup_stm32g473xx.o(RESET)
</UL>
<P><STRONG><a name="[5a]"></a>FDCAN3_IT1_IRQHandler</STRONG> (Thumb, 0 bytes, Stack size 0 bytes, startup_stm32g473xx.o(.text))
<BR>[Address Reference Count : 1]<UL><LI> startup_stm32g473xx.o(RESET)
</UL>
<P><STRONG><a name="[e]"></a>FLASH_IRQHandler</STRONG> (Thumb, 0 bytes, Stack size 0 bytes, startup_stm32g473xx.o(.text))
<BR>[Address Reference Count : 1]<UL><LI> startup_stm32g473xx.o(RESET)
</UL>
<P><STRONG><a name="[66]"></a>FMAC_IRQHandler</STRONG> (Thumb, 0 bytes, Stack size 0 bytes, startup_stm32g473xx.o(.text))
<BR>[Address Reference Count : 1]<UL><LI> startup_stm32g473xx.o(RESET)
</UL>
<P><STRONG><a name="[3a]"></a>FMC_IRQHandler</STRONG> (Thumb, 0 bytes, Stack size 0 bytes, startup_stm32g473xx.o(.text))
<BR>[Address Reference Count : 1]<UL><LI> startup_stm32g473xx.o(RESET)
</UL>
<P><STRONG><a name="[53]"></a>FPU_IRQHandler</STRONG> (Thumb, 0 bytes, Stack size 0 bytes, startup_stm32g473xx.o(.text))
<BR>[Address Reference Count : 1]<UL><LI> startup_stm32g473xx.o(RESET)
</UL>
<P><STRONG><a name="[2a]"></a>I2C1_ER_IRQHandler</STRONG> (Thumb, 0 bytes, Stack size 0 bytes, startup_stm32g473xx.o(.text))
<BR>[Address Reference Count : 1]<UL><LI> startup_stm32g473xx.o(RESET)
</UL>
<P><STRONG><a name="[29]"></a>I2C1_EV_IRQHandler</STRONG> (Thumb, 0 bytes, Stack size 0 bytes, startup_stm32g473xx.o(.text))
<BR>[Address Reference Count : 1]<UL><LI> startup_stm32g473xx.o(RESET)
</UL>
<P><STRONG><a name="[2c]"></a>I2C2_ER_IRQHandler</STRONG> (Thumb, 0 bytes, Stack size 0 bytes, startup_stm32g473xx.o(.text))
<BR>[Address Reference Count : 1]<UL><LI> startup_stm32g473xx.o(RESET)
</UL>
<P><STRONG><a name="[2b]"></a>I2C2_EV_IRQHandler</STRONG> (Thumb, 0 bytes, Stack size 0 bytes, startup_stm32g473xx.o(.text))
<BR>[Address Reference Count : 1]<UL><LI> startup_stm32g473xx.o(RESET)
</UL>
<P><STRONG><a name="[3b]"></a>LPTIM1_IRQHandler</STRONG> (Thumb, 0 bytes, Stack size 0 bytes, startup_stm32g473xx.o(.text))
<BR>[Address Reference Count : 1]<UL><LI> startup_stm32g473xx.o(RESET)
</UL>
<P><STRONG><a name="[5c]"></a>LPUART1_IRQHandler</STRONG> (Thumb, 0 bytes, Stack size 0 bytes, startup_stm32g473xx.o(.text))
<BR>[Address Reference Count : 1]<UL><LI> startup_stm32g473xx.o(RESET)
</UL>
<P><STRONG><a name="[b]"></a>PVD_PVM_IRQHandler</STRONG> (Thumb, 0 bytes, Stack size 0 bytes, startup_stm32g473xx.o(.text))
<BR>[Address Reference Count : 1]<UL><LI> startup_stm32g473xx.o(RESET)
</UL>
<P><STRONG><a name="[60]"></a>QUADSPI_IRQHandler</STRONG> (Thumb, 0 bytes, Stack size 0 bytes, startup_stm32g473xx.o(.text))
<BR>[Address Reference Count : 1]<UL><LI> startup_stm32g473xx.o(RESET)
</UL>
<P><STRONG><a name="[f]"></a>RCC_IRQHandler</STRONG> (Thumb, 0 bytes, Stack size 0 bytes, startup_stm32g473xx.o(.text))
<BR>[Address Reference Count : 1]<UL><LI> startup_stm32g473xx.o(RESET)
</UL>
<P><STRONG><a name="[33]"></a>RTC_Alarm_IRQHandler</STRONG> (Thumb, 0 bytes, Stack size 0 bytes, startup_stm32g473xx.o(.text))
<BR>[Address Reference Count : 1]<UL><LI> startup_stm32g473xx.o(RESET)
</UL>
<P><STRONG><a name="[c]"></a>RTC_TAMP_LSECSS_IRQHandler</STRONG> (Thumb, 0 bytes, Stack size 0 bytes, startup_stm32g473xx.o(.text))
<BR>[Address Reference Count : 1]<UL><LI> startup_stm32g473xx.o(RESET)
</UL>
<P><STRONG><a name="[d]"></a>RTC_WKUP_IRQHandler</STRONG> (Thumb, 0 bytes, Stack size 0 bytes, startup_stm32g473xx.o(.text))
<BR>[Address Reference Count : 1]<UL><LI> startup_stm32g473xx.o(RESET)
</UL>
<P><STRONG><a name="[4e]"></a>SAI1_IRQHandler</STRONG> (Thumb, 0 bytes, Stack size 0 bytes, startup_stm32g473xx.o(.text))
<BR>[Address Reference Count : 1]<UL><LI> startup_stm32g473xx.o(RESET)
</UL>
<P><STRONG><a name="[2d]"></a>SPI1_IRQHandler</STRONG> (Thumb, 0 bytes, Stack size 0 bytes, startup_stm32g473xx.o(.text))
<BR>[Address Reference Count : 1]<UL><LI> startup_stm32g473xx.o(RESET)
</UL>
<P><STRONG><a name="[3d]"></a>SPI3_IRQHandler</STRONG> (Thumb, 0 bytes, Stack size 0 bytes, startup_stm32g473xx.o(.text))
<BR>[Address Reference Count : 1]<UL><LI> startup_stm32g473xx.o(RESET)
</UL>
<P><STRONG><a name="[56]"></a>SPI4_IRQHandler</STRONG> (Thumb, 0 bytes, Stack size 0 bytes, startup_stm32g473xx.o(.text))
<BR>[Address Reference Count : 1]<UL><LI> startup_stm32g473xx.o(RESET)
</UL>
<P><STRONG><a name="[22]"></a>TIM1_BRK_TIM15_IRQHandler</STRONG> (Thumb, 0 bytes, Stack size 0 bytes, startup_stm32g473xx.o(.text))
<BR>[Address Reference Count : 1]<UL><LI> startup_stm32g473xx.o(RESET)
</UL>
<P><STRONG><a name="[25]"></a>TIM1_CC_IRQHandler</STRONG> (Thumb, 0 bytes, Stack size 0 bytes, startup_stm32g473xx.o(.text))
<BR>[Address Reference Count : 1]<UL><LI> startup_stm32g473xx.o(RESET)
</UL>
<P><STRONG><a name="[24]"></a>TIM1_TRG_COM_TIM17_IRQHandler</STRONG> (Thumb, 0 bytes, Stack size 0 bytes, startup_stm32g473xx.o(.text))
<BR>[Address Reference Count : 1]<UL><LI> startup_stm32g473xx.o(RESET)
</UL>
<P><STRONG><a name="[4f]"></a>TIM20_BRK_IRQHandler</STRONG> (Thumb, 0 bytes, Stack size 0 bytes, startup_stm32g473xx.o(.text))
<BR>[Address Reference Count : 1]<UL><LI> startup_stm32g473xx.o(RESET)
</UL>
<P><STRONG><a name="[52]"></a>TIM20_CC_IRQHandler</STRONG> (Thumb, 0 bytes, Stack size 0 bytes, startup_stm32g473xx.o(.text))
<BR>[Address Reference Count : 1]<UL><LI> startup_stm32g473xx.o(RESET)
</UL>
<P><STRONG><a name="[51]"></a>TIM20_TRG_COM_IRQHandler</STRONG> (Thumb, 0 bytes, Stack size 0 bytes, startup_stm32g473xx.o(.text))
<BR>[Address Reference Count : 1]<UL><LI> startup_stm32g473xx.o(RESET)
</UL>
<P><STRONG><a name="[50]"></a>TIM20_UP_IRQHandler</STRONG> (Thumb, 0 bytes, Stack size 0 bytes, startup_stm32g473xx.o(.text))
<BR>[Address Reference Count : 1]<UL><LI> startup_stm32g473xx.o(RESET)
</UL>
<P><STRONG><a name="[27]"></a>TIM3_IRQHandler</STRONG> (Thumb, 0 bytes, Stack size 0 bytes, startup_stm32g473xx.o(.text))
<BR>[Address Reference Count : 1]<UL><LI> startup_stm32g473xx.o(RESET)
</UL>
<P><STRONG><a name="[28]"></a>TIM4_IRQHandler</STRONG> (Thumb, 0 bytes, Stack size 0 bytes, startup_stm32g473xx.o(.text))
<BR>[Address Reference Count : 1]<UL><LI> startup_stm32g473xx.o(RESET)
</UL>
<P><STRONG><a name="[3c]"></a>TIM5_IRQHandler</STRONG> (Thumb, 0 bytes, Stack size 0 bytes, startup_stm32g473xx.o(.text))
<BR>[Address Reference Count : 1]<UL><LI> startup_stm32g473xx.o(RESET)
</UL>
<P><STRONG><a name="[40]"></a>TIM6_DAC_IRQHandler</STRONG> (Thumb, 0 bytes, Stack size 0 bytes, startup_stm32g473xx.o(.text))
<BR>[Address Reference Count : 1]<UL><LI> startup_stm32g473xx.o(RESET)
</UL>
<P><STRONG><a name="[41]"></a>TIM7_DAC_IRQHandler</STRONG> (Thumb, 0 bytes, Stack size 0 bytes, startup_stm32g473xx.o(.text))
<BR>[Address Reference Count : 1]<UL><LI> startup_stm32g473xx.o(RESET)
</UL>
<P><STRONG><a name="[35]"></a>TIM8_BRK_IRQHandler</STRONG> (Thumb, 0 bytes, Stack size 0 bytes, startup_stm32g473xx.o(.text))
<BR>[Address Reference Count : 1]<UL><LI> startup_stm32g473xx.o(RESET)
</UL>
<P><STRONG><a name="[38]"></a>TIM8_CC_IRQHandler</STRONG> (Thumb, 0 bytes, Stack size 0 bytes, startup_stm32g473xx.o(.text))
<BR>[Address Reference Count : 1]<UL><LI> startup_stm32g473xx.o(RESET)
</UL>
<P><STRONG><a name="[37]"></a>TIM8_TRG_COM_IRQHandler</STRONG> (Thumb, 0 bytes, Stack size 0 bytes, startup_stm32g473xx.o(.text))
<BR>[Address Reference Count : 1]<UL><LI> startup_stm32g473xx.o(RESET)
</UL>
<P><STRONG><a name="[36]"></a>TIM8_UP_IRQHandler</STRONG> (Thumb, 0 bytes, Stack size 0 bytes, startup_stm32g473xx.o(.text))
<BR>[Address Reference Count : 1]<UL><LI> startup_stm32g473xx.o(RESET)
</UL>
<P><STRONG><a name="[3e]"></a>UART4_IRQHandler</STRONG> (Thumb, 0 bytes, Stack size 0 bytes, startup_stm32g473xx.o(.text))
<BR>[Address Reference Count : 1]<UL><LI> startup_stm32g473xx.o(RESET)
</UL>
<P><STRONG><a name="[3f]"></a>UART5_IRQHandler</STRONG> (Thumb, 0 bytes, Stack size 0 bytes, startup_stm32g473xx.o(.text))
<BR>[Address Reference Count : 1]<UL><LI> startup_stm32g473xx.o(RESET)
</UL>
<P><STRONG><a name="[49]"></a>UCPD1_IRQHandler</STRONG> (Thumb, 0 bytes, Stack size 0 bytes, startup_stm32g473xx.o(.text))
<BR>[Address Reference Count : 1]<UL><LI> startup_stm32g473xx.o(RESET)
</UL>
<P><STRONG><a name="[2f]"></a>USART1_IRQHandler</STRONG> (Thumb, 0 bytes, Stack size 0 bytes, startup_stm32g473xx.o(.text))
<BR>[Address Reference Count : 1]<UL><LI> startup_stm32g473xx.o(RESET)
</UL>
<P><STRONG><a name="[30]"></a>USART2_IRQHandler</STRONG> (Thumb, 0 bytes, Stack size 0 bytes, startup_stm32g473xx.o(.text))
<BR>[Address Reference Count : 1]<UL><LI> startup_stm32g473xx.o(RESET)
</UL>
<P><STRONG><a name="[31]"></a>USART3_IRQHandler</STRONG> (Thumb, 0 bytes, Stack size 0 bytes, startup_stm32g473xx.o(.text))
<BR>[Address Reference Count : 1]<UL><LI> startup_stm32g473xx.o(RESET)
</UL>
<P><STRONG><a name="[34]"></a>USBWakeUp_IRQHandler</STRONG> (Thumb, 0 bytes, Stack size 0 bytes, startup_stm32g473xx.o(.text))
<BR>[Address Reference Count : 1]<UL><LI> startup_stm32g473xx.o(RESET)
</UL>
<P><STRONG><a name="[1d]"></a>USB_HP_IRQHandler</STRONG> (Thumb, 0 bytes, Stack size 0 bytes, startup_stm32g473xx.o(.text))
<BR>[Address Reference Count : 1]<UL><LI> startup_stm32g473xx.o(RESET)
</UL>
<P><STRONG><a name="[1e]"></a>USB_LP_IRQHandler</STRONG> (Thumb, 0 bytes, Stack size 0 bytes, startup_stm32g473xx.o(.text))
<BR>[Address Reference Count : 1]<UL><LI> startup_stm32g473xx.o(RESET)
</UL>
<P><STRONG><a name="[a]"></a>WWDG_IRQHandler</STRONG> (Thumb, 0 bytes, Stack size 0 bytes, startup_stm32g473xx.o(.text))
<BR>[Address Reference Count : 1]<UL><LI> startup_stm32g473xx.o(RESET)
</UL>
<P><STRONG><a name="[c9]"></a>__aeabi_memcpy</STRONG> (Thumb, 36 bytes, Stack size 0 bytes, memcpya.o(.text))
<BR><BR>[Called By]<UL><LI><a href="#[b4]">&gt;&gt;</a>&nbsp;&nbsp;&nbsp;CanTxRequest
<LI><a href="#[b9]">&gt;&gt;</a>&nbsp;&nbsp;&nbsp;SetSODef
<LI><a href="#[b8]">&gt;&gt;</a>&nbsp;&nbsp;&nbsp;SetSGDefinition
<LI><a href="#[ba]">&gt;&gt;</a>&nbsp;&nbsp;&nbsp;SetCVSDef
<LI><a href="#[22c]">&gt;&gt;</a>&nbsp;&nbsp;&nbsp;prvCopyDataToQueue
<LI><a href="#[22b]">&gt;&gt;</a>&nbsp;&nbsp;&nbsp;prvCopyDataFromQueue
</UL>

<P><STRONG><a name="[c5]"></a>__aeabi_memcpy4</STRONG> (Thumb, 0 bytes, Stack size 0 bytes, memcpya.o(.text))
<BR><BR>[Called By]<UL><LI><a href="#[c3]">&gt;&gt;</a>&nbsp;&nbsp;&nbsp;CanRxRequest
</UL>

<P><STRONG><a name="[266]"></a>__aeabi_memcpy8</STRONG> (Thumb, 0 bytes, Stack size 0 bytes, memcpya.o(.text), UNUSED)

<P><STRONG><a name="[7c]"></a>__aeabi_memset</STRONG> (Thumb, 14 bytes, Stack size 0 bytes, memseta.o(.text))
<BR><BR>[Called By]<UL><LI><a href="#[231]">&gt;&gt;</a>&nbsp;&nbsp;&nbsp;prvInitialiseNewTask
<LI><a href="#[7d]">&gt;&gt;</a>&nbsp;&nbsp;&nbsp;memset
<LI><a href="#[7b]">&gt;&gt;</a>&nbsp;&nbsp;&nbsp;__aeabi_memclr
<LI><a href="#[1c1]">&gt;&gt;</a>&nbsp;&nbsp;&nbsp;SignalCheckRuntimeInit
</UL>

<P><STRONG><a name="[267]"></a>__aeabi_memset4</STRONG> (Thumb, 0 bytes, Stack size 0 bytes, memseta.o(.text), UNUSED)

<P><STRONG><a name="[268]"></a>__aeabi_memset8</STRONG> (Thumb, 0 bytes, Stack size 0 bytes, memseta.o(.text), UNUSED)

<P><STRONG><a name="[7b]"></a>__aeabi_memclr</STRONG> (Thumb, 4 bytes, Stack size 0 bytes, memseta.o(.text))
<BR><BR>[Calls]<UL><LI><a href="#[7c]">&gt;&gt;</a>&nbsp;&nbsp;&nbsp;__aeabi_memset
</UL>
<BR>[Called By]<UL><LI><a href="#[6e]">&gt;&gt;</a>&nbsp;&nbsp;&nbsp;SOCatchTaskFunc
<LI><a href="#[96]">&gt;&gt;</a>&nbsp;&nbsp;&nbsp;CANMsgParserInit
<LI><a href="#[1c1]">&gt;&gt;</a>&nbsp;&nbsp;&nbsp;SignalCheckRuntimeInit
<LI><a href="#[b5]">&gt;&gt;</a>&nbsp;&nbsp;&nbsp;DataInit
</UL>

<P><STRONG><a name="[c7]"></a>__aeabi_memclr4</STRONG> (Thumb, 0 bytes, Stack size 0 bytes, memseta.o(.text))
<BR><BR>[Called By]<UL><LI><a href="#[13b]">&gt;&gt;</a>&nbsp;&nbsp;&nbsp;HAL_FDCAN_RxFifo0Callback
<LI><a href="#[144]">&gt;&gt;</a>&nbsp;&nbsp;&nbsp;HAL_FDCAN_MspInit
<LI><a href="#[12f]">&gt;&gt;</a>&nbsp;&nbsp;&nbsp;HAL_ADC_MspInit
<LI><a href="#[6e]">&gt;&gt;</a>&nbsp;&nbsp;&nbsp;SOCatchTaskFunc
<LI><a href="#[b4]">&gt;&gt;</a>&nbsp;&nbsp;&nbsp;CanTxRequest
<LI><a href="#[173]">&gt;&gt;</a>&nbsp;&nbsp;&nbsp;HAL_TIM_IC_MspInit
<LI><a href="#[1ab]">&gt;&gt;</a>&nbsp;&nbsp;&nbsp;MX_TIM2_Init
<LI><a href="#[1a9]">&gt;&gt;</a>&nbsp;&nbsp;&nbsp;MX_GPIO_Init
<LI><a href="#[1a1]">&gt;&gt;</a>&nbsp;&nbsp;&nbsp;MX_ADC1_Init
<LI><a href="#[1fa]">&gt;&gt;</a>&nbsp;&nbsp;&nbsp;SystemClock_Config
<LI><a href="#[111]">&gt;&gt;</a>&nbsp;&nbsp;&nbsp;GPIODeInit
<LI><a href="#[a9]">&gt;&gt;</a>&nbsp;&nbsp;&nbsp;RuntimesInit
<LI><a href="#[b5]">&gt;&gt;</a>&nbsp;&nbsp;&nbsp;DataInit
</UL>

<P><STRONG><a name="[269]"></a>__aeabi_memclr8</STRONG> (Thumb, 0 bytes, Stack size 0 bytes, memseta.o(.text), UNUSED)

<P><STRONG><a name="[7d]"></a>memset</STRONG> (Thumb, 18 bytes, Stack size 8 bytes, memseta.o(.text), UNUSED)
<BR><BR>[Calls]<UL><LI><a href="#[7c]">&gt;&gt;</a>&nbsp;&nbsp;&nbsp;__aeabi_memset
</UL>

<P><STRONG><a name="[7e]"></a>__aeabi_dadd</STRONG> (Thumb, 322 bytes, Stack size 48 bytes, dadd.o(.text))
<BR><BR>[Stack]<UL><LI>Max Depth = 88<LI>Call Chain = __aeabi_dadd &rArr; _double_epilogue &rArr; _double_round
</UL>
<BR>[Calls]<UL><LI><a href="#[80]">&gt;&gt;</a>&nbsp;&nbsp;&nbsp;__aeabi_lasr
<LI><a href="#[7f]">&gt;&gt;</a>&nbsp;&nbsp;&nbsp;__aeabi_llsl
<LI><a href="#[82]">&gt;&gt;</a>&nbsp;&nbsp;&nbsp;_double_round
<LI><a href="#[81]">&gt;&gt;</a>&nbsp;&nbsp;&nbsp;_double_epilogue
</UL>
<BR>[Called By]<UL><LI><a href="#[83]">&gt;&gt;</a>&nbsp;&nbsp;&nbsp;__aeabi_dsub
<LI><a href="#[19f]">&gt;&gt;</a>&nbsp;&nbsp;&nbsp;IncreasePowerRecordSamples
<LI><a href="#[e4]">&gt;&gt;</a>&nbsp;&nbsp;&nbsp;GetSOMinPower
<LI><a href="#[84]">&gt;&gt;</a>&nbsp;&nbsp;&nbsp;__aeabi_drsub
</UL>

<P><STRONG><a name="[83]"></a>__aeabi_dsub</STRONG> (Thumb, 6 bytes, Stack size 0 bytes, dadd.o(.text), UNUSED)
<BR><BR>[Calls]<UL><LI><a href="#[7e]">&gt;&gt;</a>&nbsp;&nbsp;&nbsp;__aeabi_dadd
</UL>

<P><STRONG><a name="[84]"></a>__aeabi_drsub</STRONG> (Thumb, 6 bytes, Stack size 0 bytes, dadd.o(.text), UNUSED)
<BR><BR>[Calls]<UL><LI><a href="#[7e]">&gt;&gt;</a>&nbsp;&nbsp;&nbsp;__aeabi_dadd
</UL>

<P><STRONG><a name="[85]"></a>__aeabi_dmul</STRONG> (Thumb, 228 bytes, Stack size 48 bytes, dmul.o(.text))
<BR><BR>[Stack]<UL><LI>Max Depth = 88<LI>Call Chain = __aeabi_dmul &rArr; _double_epilogue &rArr; _double_round
</UL>
<BR>[Calls]<UL><LI><a href="#[81]">&gt;&gt;</a>&nbsp;&nbsp;&nbsp;_double_epilogue
</UL>
<BR>[Called By]<UL><LI><a href="#[71]">&gt;&gt;</a>&nbsp;&nbsp;&nbsp;SignalCheckTaskFunc
<LI><a href="#[e2]">&gt;&gt;</a>&nbsp;&nbsp;&nbsp;DetermineSOLampsState
<LI><a href="#[19f]">&gt;&gt;</a>&nbsp;&nbsp;&nbsp;IncreasePowerRecordSamples
<LI><a href="#[e4]">&gt;&gt;</a>&nbsp;&nbsp;&nbsp;GetSOMinPower
</UL>

<P><STRONG><a name="[86]"></a>__aeabi_ddiv</STRONG> (Thumb, 222 bytes, Stack size 32 bytes, ddiv.o(.text))
<BR><BR>[Stack]<UL><LI>Max Depth = 40<LI>Call Chain = __aeabi_ddiv &rArr; _double_round
</UL>
<BR>[Calls]<UL><LI><a href="#[82]">&gt;&gt;</a>&nbsp;&nbsp;&nbsp;_double_round
</UL>
<BR>[Called By]<UL><LI><a href="#[19f]">&gt;&gt;</a>&nbsp;&nbsp;&nbsp;IncreasePowerRecordSamples
<LI><a href="#[e4]">&gt;&gt;</a>&nbsp;&nbsp;&nbsp;GetSOMinPower
</UL>

<P><STRONG><a name="[87]"></a>__aeabi_i2d</STRONG> (Thumb, 34 bytes, Stack size 16 bytes, dflti.o(.text))
<BR><BR>[Stack]<UL><LI>Max Depth = 56<LI>Call Chain = __aeabi_i2d &rArr; _double_epilogue &rArr; _double_round
</UL>
<BR>[Calls]<UL><LI><a href="#[81]">&gt;&gt;</a>&nbsp;&nbsp;&nbsp;_double_epilogue
</UL>
<BR>[Called By]<UL><LI><a href="#[19f]">&gt;&gt;</a>&nbsp;&nbsp;&nbsp;IncreasePowerRecordSamples
<LI><a href="#[e4]">&gt;&gt;</a>&nbsp;&nbsp;&nbsp;GetSOMinPower
</UL>

<P><STRONG><a name="[88]"></a>__aeabi_ui2d</STRONG> (Thumb, 26 bytes, Stack size 16 bytes, dfltui.o(.text))
<BR><BR>[Stack]<UL><LI>Max Depth = 56<LI>Call Chain = __aeabi_ui2d &rArr; _double_epilogue &rArr; _double_round
</UL>
<BR>[Calls]<UL><LI><a href="#[81]">&gt;&gt;</a>&nbsp;&nbsp;&nbsp;_double_epilogue
</UL>
<BR>[Called By]<UL><LI><a href="#[71]">&gt;&gt;</a>&nbsp;&nbsp;&nbsp;SignalCheckTaskFunc
<LI><a href="#[e2]">&gt;&gt;</a>&nbsp;&nbsp;&nbsp;DetermineSOLampsState
<LI><a href="#[19f]">&gt;&gt;</a>&nbsp;&nbsp;&nbsp;IncreasePowerRecordSamples
<LI><a href="#[e4]">&gt;&gt;</a>&nbsp;&nbsp;&nbsp;GetSOMinPower
</UL>

<P><STRONG><a name="[89]"></a>__aeabi_d2iz</STRONG> (Thumb, 62 bytes, Stack size 16 bytes, dfixi.o(.text))
<BR><BR>[Stack]<UL><LI>Max Depth = 16<LI>Call Chain = __aeabi_d2iz
</UL>
<BR>[Calls]<UL><LI><a href="#[8a]">&gt;&gt;</a>&nbsp;&nbsp;&nbsp;__aeabi_llsr
</UL>
<BR>[Called By]<UL><LI><a href="#[19f]">&gt;&gt;</a>&nbsp;&nbsp;&nbsp;IncreasePowerRecordSamples
</UL>

<P><STRONG><a name="[8b]"></a>__aeabi_d2uiz</STRONG> (Thumb, 50 bytes, Stack size 8 bytes, dfixui.o(.text))
<BR><BR>[Stack]<UL><LI>Max Depth = 8<LI>Call Chain = __aeabi_d2uiz
</UL>
<BR>[Calls]<UL><LI><a href="#[8a]">&gt;&gt;</a>&nbsp;&nbsp;&nbsp;__aeabi_llsr
</UL>
<BR>[Called By]<UL><LI><a href="#[71]">&gt;&gt;</a>&nbsp;&nbsp;&nbsp;SignalCheckTaskFunc
<LI><a href="#[19f]">&gt;&gt;</a>&nbsp;&nbsp;&nbsp;IncreasePowerRecordSamples
<LI><a href="#[e4]">&gt;&gt;</a>&nbsp;&nbsp;&nbsp;GetSOMinPower
</UL>

<P><STRONG><a name="[e5]"></a>__aeabi_cdrcmple</STRONG> (Thumb, 48 bytes, Stack size 0 bytes, cdrcmple.o(.text))
<BR><BR>[Called By]<UL><LI><a href="#[e2]">&gt;&gt;</a>&nbsp;&nbsp;&nbsp;DetermineSOLampsState
</UL>

<P><STRONG><a name="[7f]"></a>__aeabi_llsl</STRONG> (Thumb, 30 bytes, Stack size 0 bytes, llshl.o(.text))
<BR><BR>[Called By]<UL><LI><a href="#[7e]">&gt;&gt;</a>&nbsp;&nbsp;&nbsp;__aeabi_dadd
<LI><a href="#[81]">&gt;&gt;</a>&nbsp;&nbsp;&nbsp;_double_epilogue
</UL>

<P><STRONG><a name="[26a]"></a>_ll_shift_l</STRONG> (Thumb, 0 bytes, Stack size 0 bytes, llshl.o(.text), UNUSED)

<P><STRONG><a name="[8a]"></a>__aeabi_llsr</STRONG> (Thumb, 32 bytes, Stack size 0 bytes, llushr.o(.text))
<BR><BR>[Called By]<UL><LI><a href="#[8b]">&gt;&gt;</a>&nbsp;&nbsp;&nbsp;__aeabi_d2uiz
<LI><a href="#[89]">&gt;&gt;</a>&nbsp;&nbsp;&nbsp;__aeabi_d2iz
<LI><a href="#[81]">&gt;&gt;</a>&nbsp;&nbsp;&nbsp;_double_epilogue
</UL>

<P><STRONG><a name="[26b]"></a>_ll_ushift_r</STRONG> (Thumb, 0 bytes, Stack size 0 bytes, llushr.o(.text), UNUSED)

<P><STRONG><a name="[80]"></a>__aeabi_lasr</STRONG> (Thumb, 36 bytes, Stack size 0 bytes, llsshr.o(.text))
<BR><BR>[Called By]<UL><LI><a href="#[7e]">&gt;&gt;</a>&nbsp;&nbsp;&nbsp;__aeabi_dadd
</UL>

<P><STRONG><a name="[26c]"></a>_ll_sshift_r</STRONG> (Thumb, 0 bytes, Stack size 0 bytes, llsshr.o(.text), UNUSED)

<P><STRONG><a name="[26d]"></a>__I$use$fp</STRONG> (Thumb, 0 bytes, Stack size 8 bytes, iusefp.o(.text), UNUSED)

<P><STRONG><a name="[82]"></a>_double_round</STRONG> (Thumb, 30 bytes, Stack size 8 bytes, depilogue.o(.text))
<BR><BR>[Stack]<UL><LI>Max Depth = 8<LI>Call Chain = _double_round
</UL>
<BR>[Called By]<UL><LI><a href="#[86]">&gt;&gt;</a>&nbsp;&nbsp;&nbsp;__aeabi_ddiv
<LI><a href="#[7e]">&gt;&gt;</a>&nbsp;&nbsp;&nbsp;__aeabi_dadd
<LI><a href="#[81]">&gt;&gt;</a>&nbsp;&nbsp;&nbsp;_double_epilogue
</UL>

<P><STRONG><a name="[81]"></a>_double_epilogue</STRONG> (Thumb, 156 bytes, Stack size 32 bytes, depilogue.o(.text))
<BR><BR>[Stack]<UL><LI>Max Depth = 40<LI>Call Chain = _double_epilogue &rArr; _double_round
</UL>
<BR>[Calls]<UL><LI><a href="#[8a]">&gt;&gt;</a>&nbsp;&nbsp;&nbsp;__aeabi_llsr
<LI><a href="#[7f]">&gt;&gt;</a>&nbsp;&nbsp;&nbsp;__aeabi_llsl
<LI><a href="#[82]">&gt;&gt;</a>&nbsp;&nbsp;&nbsp;_double_round
</UL>
<BR>[Called By]<UL><LI><a href="#[88]">&gt;&gt;</a>&nbsp;&nbsp;&nbsp;__aeabi_ui2d
<LI><a href="#[87]">&gt;&gt;</a>&nbsp;&nbsp;&nbsp;__aeabi_i2d
<LI><a href="#[85]">&gt;&gt;</a>&nbsp;&nbsp;&nbsp;__aeabi_dmul
<LI><a href="#[7e]">&gt;&gt;</a>&nbsp;&nbsp;&nbsp;__aeabi_dadd
</UL>

<P><STRONG><a name="[79]"></a>__scatterload</STRONG> (Thumb, 28 bytes, Stack size 0 bytes, init.o(.text))
<BR><BR>[Calls]<UL><LI><a href="#[8c]">&gt;&gt;</a>&nbsp;&nbsp;&nbsp;__main_after_scatterload
</UL>
<BR>[Called By]<UL><LI><a href="#[78]">&gt;&gt;</a>&nbsp;&nbsp;&nbsp;_main_scatterload
</UL>

<P><STRONG><a name="[26e]"></a>__scatterload_rt2</STRONG> (Thumb, 0 bytes, Stack size 0 bytes, init.o(.text), UNUSED)

<P><STRONG><a name="[1c]"></a>ADC1_2_IRQHandler</STRONG> (Thumb, 6 bytes, Stack size 0 bytes, stm32g4xx_it.o(i.ADC1_2_IRQHandler))
<BR><BR>[Stack]<UL><LI>Max Depth = 40<LI>Call Chain = ADC1_2_IRQHandler &rArr; HAL_ADC_IRQHandler
</UL>
<BR>[Calls]<UL><LI><a href="#[8d]">&gt;&gt;</a>&nbsp;&nbsp;&nbsp;HAL_ADC_IRQHandler
</UL>
<BR>[Address Reference Count : 1]<UL><LI> startup_stm32g473xx.o(RESET)
</UL>
<P><STRONG><a name="[8e]"></a>ADCStartIT</STRONG> (Thumb, 34 bytes, Stack size 8 bytes, adc.o(i.ADCStartIT))
<BR><BR>[Stack]<UL><LI>Max Depth = 64<LI>Call Chain = ADCStartIT &rArr; HAL_ADC_Start_IT &rArr; ADC_Enable
</UL>
<BR>[Calls]<UL><LI><a href="#[8f]">&gt;&gt;</a>&nbsp;&nbsp;&nbsp;HAL_ADC_Start_IT
<LI><a href="#[90]">&gt;&gt;</a>&nbsp;&nbsp;&nbsp;Error_Handler
</UL>
<BR>[Called By]<UL><LI><a href="#[1a1]">&gt;&gt;</a>&nbsp;&nbsp;&nbsp;MX_ADC1_Init
</UL>

<P><STRONG><a name="[91]"></a>ADC_Enable</STRONG> (Thumb, 172 bytes, Stack size 24 bytes, stm32g4xx_hal_adc.o(i.ADC_Enable))
<BR><BR>[Stack]<UL><LI>Max Depth = 24<LI>Call Chain = ADC_Enable
</UL>
<BR>[Calls]<UL><LI><a href="#[92]">&gt;&gt;</a>&nbsp;&nbsp;&nbsp;HAL_GetTick
</UL>
<BR>[Called By]<UL><LI><a href="#[8f]">&gt;&gt;</a>&nbsp;&nbsp;&nbsp;HAL_ADC_Start_IT
</UL>

<P><STRONG><a name="[d1]"></a>BatteryRuntimeSet</STRONG> (Thumb, 12 bytes, Stack size 8 bytes, data.o(i.BatteryRuntimeSet))
<BR><BR>[Stack]<UL><LI>Max Depth = 8<LI>Call Chain = BatteryRuntimeSet
</UL>
<BR>[Called By]<UL><LI><a href="#[6d]">&gt;&gt;</a>&nbsp;&nbsp;&nbsp;DefaultTaskFunc
</UL>

<P><STRONG><a name="[4]"></a>BusFault_Handler</STRONG> (Thumb, 2 bytes, Stack size 0 bytes, stm32g4xx_it.o(i.BusFault_Handler))
<BR><BR>[Calls]<UL><LI><a href="#[4]">&gt;&gt;</a>&nbsp;&nbsp;&nbsp;BusFault_Handler
</UL>
<BR>[Called By]<UL><LI><a href="#[4]">&gt;&gt;</a>&nbsp;&nbsp;&nbsp;BusFault_Handler
</UL>
<BR>[Address Reference Count : 1]<UL><LI> startup_stm32g473xx.o(RESET)
</UL>
<P><STRONG><a name="[93]"></a>CANDeInit</STRONG> (Thumb, 18 bytes, Stack size 8 bytes, fdcan.o(i.CANDeInit))
<BR><BR>[Stack]<UL><LI>Max Depth = 64<LI>Call Chain = CANDeInit &rArr; HAL_FDCAN_DeInit &rArr; HAL_FDCAN_MspDeInit &rArr; HAL_GPIO_DeInit
</UL>
<BR>[Calls]<UL><LI><a href="#[94]">&gt;&gt;</a>&nbsp;&nbsp;&nbsp;HAL_FDCAN_Stop
<LI><a href="#[95]">&gt;&gt;</a>&nbsp;&nbsp;&nbsp;HAL_FDCAN_DeInit
</UL>
<BR>[Called By]<UL><LI><a href="#[10b]">&gt;&gt;</a>&nbsp;&nbsp;&nbsp;PrepareForStandbyMode
</UL>

<P><STRONG><a name="[146]"></a>CANGetRxDataLength</STRONG> (Thumb, 68 bytes, Stack size 0 bytes, canrxtx.o(i.CANGetRxDataLength))
<BR><BR>[Called By]<UL><LI><a href="#[13b]">&gt;&gt;</a>&nbsp;&nbsp;&nbsp;HAL_FDCAN_RxFifo0Callback
</UL>

<P><STRONG><a name="[c8]"></a>CANGetTxDataLengthCode</STRONG> (Thumb, 64 bytes, Stack size 0 bytes, canrxtx.o(i.CANGetTxDataLengthCode))
<BR><BR>[Called By]<UL><LI><a href="#[b4]">&gt;&gt;</a>&nbsp;&nbsp;&nbsp;CanTxRequest
</UL>

<P><STRONG><a name="[96]"></a>CANMsgParserInit</STRONG> (Thumb, 8 bytes, Stack size 0 bytes, canrxtx.o(i.CANMsgParserInit))
<BR><BR>[Calls]<UL><LI><a href="#[7b]">&gt;&gt;</a>&nbsp;&nbsp;&nbsp;__aeabi_memclr
</UL>
<BR>[Called By]<UL><LI><a href="#[6f]">&gt;&gt;</a>&nbsp;&nbsp;&nbsp;CANMsgParserTaskFunc
</UL>

<P><STRONG><a name="[6f]"></a>CANMsgParserTaskFunc</STRONG> (Thumb, 56 bytes, Stack size 8 bytes, canrxtx.o(i.CANMsgParserTaskFunc))
<BR><BR>[Stack]<UL><LI>Max Depth = 272<LI>Call Chain = CANMsgParserTaskFunc &rArr; CanReqParser &rArr; CanProcessData &rArr; CanTxRequest &rArr; osMessageQueuePut &rArr; xQueueGenericSend &rArr; xTaskResumeAll &rArr; xTaskIncrementTick
</UL>
<BR>[Calls]<UL><LI><a href="#[97]">&gt;&gt;</a>&nbsp;&nbsp;&nbsp;CANStart
<LI><a href="#[98]">&gt;&gt;</a>&nbsp;&nbsp;&nbsp;osMessageQueueGet
<LI><a href="#[99]">&gt;&gt;</a>&nbsp;&nbsp;&nbsp;CanReqParser
<LI><a href="#[96]">&gt;&gt;</a>&nbsp;&nbsp;&nbsp;CANMsgParserInit
<LI><a href="#[9a]">&gt;&gt;</a>&nbsp;&nbsp;&nbsp;osMemoryPoolFree
</UL>
<BR>[Address Reference Count : 1]<UL><LI> app_freertos.o(i.MX_FREERTOS_Init)
</UL>
<P><STRONG><a name="[70]"></a>CANMsgSenderTaskFunc</STRONG> (Thumb, 52 bytes, Stack size 8 bytes, canrxtx.o(i.CANMsgSenderTaskFunc))
<BR><BR>[Stack]<UL><LI>Max Depth = 144<LI>Call Chain = CANMsgSenderTaskFunc &rArr; osMessageQueueGet &rArr; xQueueReceive &rArr; xTaskResumeAll &rArr; xTaskIncrementTick
</UL>
<BR>[Calls]<UL><LI><a href="#[9c]">&gt;&gt;</a>&nbsp;&nbsp;&nbsp;CANWaitTransmissionComplete
<LI><a href="#[9b]">&gt;&gt;</a>&nbsp;&nbsp;&nbsp;CANSendMessage
<LI><a href="#[98]">&gt;&gt;</a>&nbsp;&nbsp;&nbsp;osMessageQueueGet
<LI><a href="#[9a]">&gt;&gt;</a>&nbsp;&nbsp;&nbsp;osMemoryPoolFree
</UL>
<BR>[Address Reference Count : 1]<UL><LI> app_freertos.o(i.MX_FREERTOS_Init)
</UL>
<P><STRONG><a name="[9b]"></a>CANSendMessage</STRONG> (Thumb, 30 bytes, Stack size 8 bytes, fdcan.o(i.CANSendMessage))
<BR><BR>[Stack]<UL><LI>Max Depth = 52<LI>Call Chain = CANSendMessage &rArr; HAL_FDCAN_AddMessageToTxFifoQ &rArr; FDCAN_CopyMessageToRAM
</UL>
<BR>[Calls]<UL><LI><a href="#[9d]">&gt;&gt;</a>&nbsp;&nbsp;&nbsp;HAL_FDCAN_AddMessageToTxFifoQ
<LI><a href="#[90]">&gt;&gt;</a>&nbsp;&nbsp;&nbsp;Error_Handler
</UL>
<BR>[Called By]<UL><LI><a href="#[70]">&gt;&gt;</a>&nbsp;&nbsp;&nbsp;CANMsgSenderTaskFunc
</UL>

<P><STRONG><a name="[97]"></a>CANStart</STRONG> (Thumb, 38 bytes, Stack size 8 bytes, fdcan.o(i.CANStart))
<BR><BR>[Stack]<UL><LI>Max Depth = 32<LI>Call Chain = CANStart &rArr; HAL_FDCAN_ActivateNotification
</UL>
<BR>[Calls]<UL><LI><a href="#[9e]">&gt;&gt;</a>&nbsp;&nbsp;&nbsp;HAL_FDCAN_Start
<LI><a href="#[9f]">&gt;&gt;</a>&nbsp;&nbsp;&nbsp;HAL_FDCAN_ActivateNotification
<LI><a href="#[90]">&gt;&gt;</a>&nbsp;&nbsp;&nbsp;Error_Handler
</UL>
<BR>[Called By]<UL><LI><a href="#[6f]">&gt;&gt;</a>&nbsp;&nbsp;&nbsp;CANMsgParserTaskFunc
</UL>

<P><STRONG><a name="[9c]"></a>CANWaitTransmissionComplete</STRONG> (Thumb, 24 bytes, Stack size 8 bytes, fdcan.o(i.CANWaitTransmissionComplete))
<BR><BR>[Stack]<UL><LI>Max Depth = 80<LI>Call Chain = CANWaitTransmissionComplete &rArr; osDelay &rArr; vTaskDelay &rArr; xTaskResumeAll &rArr; xTaskIncrementTick
</UL>
<BR>[Calls]<UL><LI><a href="#[a1]">&gt;&gt;</a>&nbsp;&nbsp;&nbsp;HAL_FDCAN_GetTxFifoFreeLevel
<LI><a href="#[a0]">&gt;&gt;</a>&nbsp;&nbsp;&nbsp;osDelay
</UL>
<BR>[Called By]<UL><LI><a href="#[70]">&gt;&gt;</a>&nbsp;&nbsp;&nbsp;CANMsgSenderTaskFunc
</UL>

<P><STRONG><a name="[aa]"></a>CPCommStateGet</STRONG> (Thumb, 10 bytes, Stack size 0 bytes, data.o(i.CPCommStateGet))
<BR><BR>[Called By]<UL><LI><a href="#[71]">&gt;&gt;</a>&nbsp;&nbsp;&nbsp;SignalCheckTaskFunc
<LI><a href="#[6e]">&gt;&gt;</a>&nbsp;&nbsp;&nbsp;SOCatchTaskFunc
<LI><a href="#[6d]">&gt;&gt;</a>&nbsp;&nbsp;&nbsp;DefaultTaskFunc
<LI><a href="#[a4]">&gt;&gt;</a>&nbsp;&nbsp;&nbsp;CanProcessData
</UL>

<P><STRONG><a name="[a3]"></a>CPCommStateSet</STRONG> (Thumb, 12 bytes, Stack size 0 bytes, data.o(i.CPCommStateSet))
<BR><BR>[Called By]<UL><LI><a href="#[a4]">&gt;&gt;</a>&nbsp;&nbsp;&nbsp;CanProcessData
<LI><a href="#[a2]">&gt;&gt;</a>&nbsp;&nbsp;&nbsp;CPMPCommIncCntr
</UL>

<P><STRONG><a name="[a2]"></a>CPMPCommIncCntr</STRONG> (Thumb, 26 bytes, Stack size 0 bytes, data.o(i.CPMPCommIncCntr))
<BR><BR>[Calls]<UL><LI><a href="#[a3]">&gt;&gt;</a>&nbsp;&nbsp;&nbsp;CPCommStateSet
</UL>
<BR>[Called By]<UL><LI><a href="#[6d]">&gt;&gt;</a>&nbsp;&nbsp;&nbsp;DefaultTaskFunc
</UL>

<P><STRONG><a name="[a5]"></a>CPMPCommResetCntr</STRONG> (Thumb, 8 bytes, Stack size 0 bytes, data.o(i.CPMPCommResetCntr))
<BR><BR>[Called By]<UL><LI><a href="#[a4]">&gt;&gt;</a>&nbsp;&nbsp;&nbsp;CanProcessData
</UL>

<P><STRONG><a name="[a4]"></a>CanProcessData</STRONG> (Thumb, 664 bytes, Stack size 80 bytes, canrxtx.o(i.CanProcessData))
<BR><BR>[Stack]<UL><LI>Max Depth = 256<LI>Call Chain = CanProcessData &rArr; CanTxRequest &rArr; osMessageQueuePut &rArr; xQueueGenericSend &rArr; xTaskResumeAll &rArr; xTaskIncrementTick
</UL>
<BR>[Calls]<UL><LI><a href="#[a6]">&gt;&gt;</a>&nbsp;&nbsp;&nbsp;CanReceive
<LI><a href="#[b4]">&gt;&gt;</a>&nbsp;&nbsp;&nbsp;CanTxRequest
<LI><a href="#[b2]">&gt;&gt;</a>&nbsp;&nbsp;&nbsp;GPIORelayPinSet
<LI><a href="#[b1]">&gt;&gt;</a>&nbsp;&nbsp;&nbsp;GPIORelayPinGet
<LI><a href="#[b7]">&gt;&gt;</a>&nbsp;&nbsp;&nbsp;SignalsDefinedSet
<LI><a href="#[b6]">&gt;&gt;</a>&nbsp;&nbsp;&nbsp;SignalSet
<LI><a href="#[b9]">&gt;&gt;</a>&nbsp;&nbsp;&nbsp;SetSODef
<LI><a href="#[b8]">&gt;&gt;</a>&nbsp;&nbsp;&nbsp;SetSGDefinition
<LI><a href="#[bc]">&gt;&gt;</a>&nbsp;&nbsp;&nbsp;SetFlashPeriodInEmergency
<LI><a href="#[bb]">&gt;&gt;</a>&nbsp;&nbsp;&nbsp;SetConflictsEMDef
<LI><a href="#[ba]">&gt;&gt;</a>&nbsp;&nbsp;&nbsp;SetCVSDef
<LI><a href="#[a9]">&gt;&gt;</a>&nbsp;&nbsp;&nbsp;RuntimesInit
<LI><a href="#[b0]">&gt;&gt;</a>&nbsp;&nbsp;&nbsp;RelayStateGet
<LI><a href="#[a8]">&gt;&gt;</a>&nbsp;&nbsp;&nbsp;ProgramRestartStateGet
<LI><a href="#[a7]">&gt;&gt;</a>&nbsp;&nbsp;&nbsp;PeripheralStatesSet
<LI><a href="#[b3]">&gt;&gt;</a>&nbsp;&nbsp;&nbsp;PeripheralStatesGet
<LI><a href="#[ad]">&gt;&gt;</a>&nbsp;&nbsp;&nbsp;LampDimmingStateGet
<LI><a href="#[ae]">&gt;&gt;</a>&nbsp;&nbsp;&nbsp;LampDimmingStateChangedSet
<LI><a href="#[af]">&gt;&gt;</a>&nbsp;&nbsp;&nbsp;LampDimmingStateChangedGet
<LI><a href="#[b5]">&gt;&gt;</a>&nbsp;&nbsp;&nbsp;DataInit
<LI><a href="#[ab]">&gt;&gt;</a>&nbsp;&nbsp;&nbsp;ClearSOPowersStateGet
<LI><a href="#[ac]">&gt;&gt;</a>&nbsp;&nbsp;&nbsp;ClearSOPower
<LI><a href="#[a5]">&gt;&gt;</a>&nbsp;&nbsp;&nbsp;CPMPCommResetCntr
<LI><a href="#[a3]">&gt;&gt;</a>&nbsp;&nbsp;&nbsp;CPCommStateSet
<LI><a href="#[aa]">&gt;&gt;</a>&nbsp;&nbsp;&nbsp;CPCommStateGet
</UL>
<BR>[Called By]<UL><LI><a href="#[99]">&gt;&gt;</a>&nbsp;&nbsp;&nbsp;CanReqParser
</UL>

<P><STRONG><a name="[a6]"></a>CanReceive</STRONG> (Thumb, 36 bytes, Stack size 20 bytes, canrxtx.o(i.CanReceive))
<BR><BR>[Stack]<UL><LI>Max Depth = 20<LI>Call Chain = CanReceive
</UL>
<BR>[Called By]<UL><LI><a href="#[a4]">&gt;&gt;</a>&nbsp;&nbsp;&nbsp;CanProcessData
</UL>

<P><STRONG><a name="[99]"></a>CanReqParser</STRONG> (Thumb, 180 bytes, Stack size 8 bytes, canrxtx.o(i.CanReqParser))
<BR><BR>[Stack]<UL><LI>Max Depth = 264<LI>Call Chain = CanReqParser &rArr; CanProcessData &rArr; CanTxRequest &rArr; osMessageQueuePut &rArr; xQueueGenericSend &rArr; xTaskResumeAll &rArr; xTaskIncrementTick
</UL>
<BR>[Calls]<UL><LI><a href="#[be]">&gt;&gt;</a>&nbsp;&nbsp;&nbsp;osThreadResume
<LI><a href="#[c1]">&gt;&gt;</a>&nbsp;&nbsp;&nbsp;SOCatchModuleActiveNowSet
<LI><a href="#[a4]">&gt;&gt;</a>&nbsp;&nbsp;&nbsp;CanProcessData
<LI><a href="#[c2]">&gt;&gt;</a>&nbsp;&nbsp;&nbsp;SetWorkingLampChangeAcceptCount
<LI><a href="#[bf]">&gt;&gt;</a>&nbsp;&nbsp;&nbsp;SetSSMVoltCurrentMeasurements
<LI><a href="#[c0]">&gt;&gt;</a>&nbsp;&nbsp;&nbsp;SetPSMVoltageMeasurements
<LI><a href="#[bd]">&gt;&gt;</a>&nbsp;&nbsp;&nbsp;SOIdentification
</UL>
<BR>[Called By]<UL><LI><a href="#[6f]">&gt;&gt;</a>&nbsp;&nbsp;&nbsp;CANMsgParserTaskFunc
</UL>

<P><STRONG><a name="[c3]"></a>CanRxRequest</STRONG> (Thumb, 56 bytes, Stack size 16 bytes, canrxtx.o(i.CanRxRequest))
<BR><BR>[Stack]<UL><LI>Max Depth = 152<LI>Call Chain = CanRxRequest &rArr; osMessageQueuePut &rArr; xQueueGenericSend &rArr; xTaskResumeAll &rArr; xTaskIncrementTick
</UL>
<BR>[Calls]<UL><LI><a href="#[c5]">&gt;&gt;</a>&nbsp;&nbsp;&nbsp;__aeabi_memcpy4
<LI><a href="#[c6]">&gt;&gt;</a>&nbsp;&nbsp;&nbsp;osMessageQueuePut
<LI><a href="#[9a]">&gt;&gt;</a>&nbsp;&nbsp;&nbsp;osMemoryPoolFree
<LI><a href="#[c4]">&gt;&gt;</a>&nbsp;&nbsp;&nbsp;osMemoryPoolAlloc
</UL>
<BR>[Called By]<UL><LI><a href="#[13b]">&gt;&gt;</a>&nbsp;&nbsp;&nbsp;HAL_FDCAN_RxFifo0Callback
</UL>

<P><STRONG><a name="[b4]"></a>CanTxRequest</STRONG> (Thumb, 116 bytes, Stack size 40 bytes, canrxtx.o(i.CanTxRequest))
<BR><BR>[Stack]<UL><LI>Max Depth = 176<LI>Call Chain = CanTxRequest &rArr; osMessageQueuePut &rArr; xQueueGenericSend &rArr; xTaskResumeAll &rArr; xTaskIncrementTick
</UL>
<BR>[Calls]<UL><LI><a href="#[c7]">&gt;&gt;</a>&nbsp;&nbsp;&nbsp;__aeabi_memclr4
<LI><a href="#[c9]">&gt;&gt;</a>&nbsp;&nbsp;&nbsp;__aeabi_memcpy
<LI><a href="#[c8]">&gt;&gt;</a>&nbsp;&nbsp;&nbsp;CANGetTxDataLengthCode
<LI><a href="#[c6]">&gt;&gt;</a>&nbsp;&nbsp;&nbsp;osMessageQueuePut
<LI><a href="#[9a]">&gt;&gt;</a>&nbsp;&nbsp;&nbsp;osMemoryPoolFree
<LI><a href="#[c4]">&gt;&gt;</a>&nbsp;&nbsp;&nbsp;osMemoryPoolAlloc
</UL>
<BR>[Called By]<UL><LI><a href="#[6e]">&gt;&gt;</a>&nbsp;&nbsp;&nbsp;SOCatchTaskFunc
<LI><a href="#[72]">&gt;&gt;</a>&nbsp;&nbsp;&nbsp;MaintenanceTaskFunc
<LI><a href="#[a4]">&gt;&gt;</a>&nbsp;&nbsp;&nbsp;CanProcessData
</UL>

<P><STRONG><a name="[ca]"></a>CheckWakeupOnReset</STRONG> (Thumb, 44 bytes, Stack size 8 bytes, data.o(i.CheckWakeupOnReset))
<BR><BR>[Stack]<UL><LI>Max Depth = 132<LI>Call Chain = CheckWakeupOnReset &rArr; EnterStandbyModeWithPreparation &rArr; PrepareForStandbyMode &rArr; HAL_RCC_DeInit &rArr; HAL_InitTick &rArr; HAL_TIM_Base_Init &rArr; TIM_Base_SetConfig
</UL>
<BR>[Calls]<UL><LI><a href="#[cb]">&gt;&gt;</a>&nbsp;&nbsp;&nbsp;IWDGSetMaxTimeout
<LI><a href="#[cd]">&gt;&gt;</a>&nbsp;&nbsp;&nbsp;EnterStandbyModeWithPreparation
<LI><a href="#[cc]">&gt;&gt;</a>&nbsp;&nbsp;&nbsp;ClearResetFlags
</UL>
<BR>[Called By]<UL><LI><a href="#[67]">&gt;&gt;</a>&nbsp;&nbsp;&nbsp;main
</UL>

<P><STRONG><a name="[ce]"></a>ClearAllFlags</STRONG> (Thumb, 16 bytes, Stack size 0 bytes, data.o(i.ClearAllFlags))
<BR><BR>[Calls]<UL><LI><a href="#[cc]">&gt;&gt;</a>&nbsp;&nbsp;&nbsp;ClearResetFlags
</UL>
<BR>[Called By]<UL><LI><a href="#[67]">&gt;&gt;</a>&nbsp;&nbsp;&nbsp;main
<LI><a href="#[cd]">&gt;&gt;</a>&nbsp;&nbsp;&nbsp;EnterStandbyModeWithPreparation
</UL>

<P><STRONG><a name="[cc]"></a>ClearResetFlags</STRONG> (Thumb, 14 bytes, Stack size 0 bytes, data.o(i.ClearResetFlags))
<BR><BR>[Called By]<UL><LI><a href="#[ce]">&gt;&gt;</a>&nbsp;&nbsp;&nbsp;ClearAllFlags
<LI><a href="#[ca]">&gt;&gt;</a>&nbsp;&nbsp;&nbsp;CheckWakeupOnReset
</UL>

<P><STRONG><a name="[ac]"></a>ClearSOPower</STRONG> (Thumb, 66 bytes, Stack size 0 bytes, data.o(i.ClearSOPower))
<BR><BR>[Stack]<UL><LI>Max Depth = 4<LI>Call Chain = ClearSOPower &rArr; SetPowerRecorded
</UL>
<BR>[Calls]<UL><LI><a href="#[cf]">&gt;&gt;</a>&nbsp;&nbsp;&nbsp;SetPowerRecorded
</UL>
<BR>[Called By]<UL><LI><a href="#[a4]">&gt;&gt;</a>&nbsp;&nbsp;&nbsp;CanProcessData
</UL>

<P><STRONG><a name="[ab]"></a>ClearSOPowersStateGet</STRONG> (Thumb, 12 bytes, Stack size 0 bytes, data.o(i.ClearSOPowersStateGet))
<BR><BR>[Called By]<UL><LI><a href="#[a4]">&gt;&gt;</a>&nbsp;&nbsp;&nbsp;CanProcessData
</UL>

<P><STRONG><a name="[104]"></a>ClearWorkingLampChangeCounter</STRONG> (Thumb, 22 bytes, Stack size 0 bytes, data.o(i.ClearWorkingLampChangeCounter))
<BR><BR>[Called By]<UL><LI><a href="#[e2]">&gt;&gt;</a>&nbsp;&nbsp;&nbsp;DetermineSOLampsState
</UL>

<P><STRONG><a name="[d5]"></a>ConflictingSG</STRONG> (Thumb, 62 bytes, Stack size 0 bytes, data.o(i.ConflictingSG))
<BR><BR>[Called By]<UL><LI><a href="#[d4]">&gt;&gt;</a>&nbsp;&nbsp;&nbsp;DetermineConflictState
</UL>

<P><STRONG><a name="[15]"></a>DMA1_Channel1_IRQHandler</STRONG> (Thumb, 6 bytes, Stack size 0 bytes, stm32g4xx_it.o(i.DMA1_Channel1_IRQHandler))
<BR><BR>[Stack]<UL><LI>Max Depth = 16<LI>Call Chain = DMA1_Channel1_IRQHandler &rArr; HAL_DMA_IRQHandler
</UL>
<BR>[Calls]<UL><LI><a href="#[d0]">&gt;&gt;</a>&nbsp;&nbsp;&nbsp;HAL_DMA_IRQHandler
</UL>
<BR>[Address Reference Count : 1]<UL><LI> startup_stm32g473xx.o(RESET)
</UL>
<P><STRONG><a name="[16]"></a>DMA1_Channel2_IRQHandler</STRONG> (Thumb, 6 bytes, Stack size 0 bytes, stm32g4xx_it.o(i.DMA1_Channel2_IRQHandler))
<BR><BR>[Stack]<UL><LI>Max Depth = 16<LI>Call Chain = DMA1_Channel2_IRQHandler &rArr; HAL_DMA_IRQHandler
</UL>
<BR>[Calls]<UL><LI><a href="#[d0]">&gt;&gt;</a>&nbsp;&nbsp;&nbsp;HAL_DMA_IRQHandler
</UL>
<BR>[Address Reference Count : 1]<UL><LI> startup_stm32g473xx.o(RESET)
</UL>
<P><STRONG><a name="[17]"></a>DMA1_Channel3_IRQHandler</STRONG> (Thumb, 6 bytes, Stack size 0 bytes, stm32g4xx_it.o(i.DMA1_Channel3_IRQHandler))
<BR><BR>[Stack]<UL><LI>Max Depth = 16<LI>Call Chain = DMA1_Channel3_IRQHandler &rArr; HAL_DMA_IRQHandler
</UL>
<BR>[Calls]<UL><LI><a href="#[d0]">&gt;&gt;</a>&nbsp;&nbsp;&nbsp;HAL_DMA_IRQHandler
</UL>
<BR>[Address Reference Count : 1]<UL><LI> startup_stm32g473xx.o(RESET)
</UL>
<P><STRONG><a name="[18]"></a>DMA1_Channel4_IRQHandler</STRONG> (Thumb, 6 bytes, Stack size 0 bytes, stm32g4xx_it.o(i.DMA1_Channel4_IRQHandler))
<BR><BR>[Stack]<UL><LI>Max Depth = 16<LI>Call Chain = DMA1_Channel4_IRQHandler &rArr; HAL_DMA_IRQHandler
</UL>
<BR>[Calls]<UL><LI><a href="#[d0]">&gt;&gt;</a>&nbsp;&nbsp;&nbsp;HAL_DMA_IRQHandler
</UL>
<BR>[Address Reference Count : 1]<UL><LI> startup_stm32g473xx.o(RESET)
</UL>
<P><STRONG><a name="[19]"></a>DMA1_Channel5_IRQHandler</STRONG> (Thumb, 6 bytes, Stack size 0 bytes, stm32g4xx_it.o(i.DMA1_Channel5_IRQHandler))
<BR><BR>[Stack]<UL><LI>Max Depth = 16<LI>Call Chain = DMA1_Channel5_IRQHandler &rArr; HAL_DMA_IRQHandler
</UL>
<BR>[Calls]<UL><LI><a href="#[d0]">&gt;&gt;</a>&nbsp;&nbsp;&nbsp;HAL_DMA_IRQHandler
</UL>
<BR>[Address Reference Count : 1]<UL><LI> startup_stm32g473xx.o(RESET)
</UL>
<P><STRONG><a name="[1a]"></a>DMA1_Channel6_IRQHandler</STRONG> (Thumb, 6 bytes, Stack size 0 bytes, stm32g4xx_it.o(i.DMA1_Channel6_IRQHandler))
<BR><BR>[Stack]<UL><LI>Max Depth = 16<LI>Call Chain = DMA1_Channel6_IRQHandler &rArr; HAL_DMA_IRQHandler
</UL>
<BR>[Calls]<UL><LI><a href="#[d0]">&gt;&gt;</a>&nbsp;&nbsp;&nbsp;HAL_DMA_IRQHandler
</UL>
<BR>[Address Reference Count : 1]<UL><LI> startup_stm32g473xx.o(RESET)
</UL>
<P><STRONG><a name="[b5]"></a>DataInit</STRONG> (Thumb, 58 bytes, Stack size 8 bytes, data.o(i.DataInit))
<BR><BR>[Stack]<UL><LI>Max Depth = 8<LI>Call Chain = DataInit
</UL>
<BR>[Calls]<UL><LI><a href="#[c7]">&gt;&gt;</a>&nbsp;&nbsp;&nbsp;__aeabi_memclr4
<LI><a href="#[7b]">&gt;&gt;</a>&nbsp;&nbsp;&nbsp;__aeabi_memclr
</UL>
<BR>[Called By]<UL><LI><a href="#[a4]">&gt;&gt;</a>&nbsp;&nbsp;&nbsp;CanProcessData
<LI><a href="#[1a4]">&gt;&gt;</a>&nbsp;&nbsp;&nbsp;MX_FREERTOS_Init
</UL>

<P><STRONG><a name="[7]"></a>DebugMon_Handler</STRONG> (Thumb, 2 bytes, Stack size 0 bytes, stm32g4xx_it.o(i.DebugMon_Handler))
<BR>[Address Reference Count : 1]<UL><LI> startup_stm32g473xx.o(RESET)
</UL>
<P><STRONG><a name="[6d]"></a>DefaultTaskFunc</STRONG> (Thumb, 74 bytes, Stack size 8 bytes, app_freertos.o(i.DefaultTaskFunc))
<BR><BR>[Stack]<UL><LI>Max Depth = 144<LI>Call Chain = DefaultTaskFunc &rArr; osMessageQueueGet &rArr; xQueueReceive &rArr; xTaskResumeAll &rArr; xTaskIncrementTick
</UL>
<BR>[Calls]<UL><LI><a href="#[98]">&gt;&gt;</a>&nbsp;&nbsp;&nbsp;osMessageQueueGet
<LI><a href="#[d3]">&gt;&gt;</a>&nbsp;&nbsp;&nbsp;MaintenanceSignalTask
<LI><a href="#[d2]">&gt;&gt;</a>&nbsp;&nbsp;&nbsp;GPIOComLedPinToggle
<LI><a href="#[9a]">&gt;&gt;</a>&nbsp;&nbsp;&nbsp;osMemoryPoolFree
<LI><a href="#[a2]">&gt;&gt;</a>&nbsp;&nbsp;&nbsp;CPMPCommIncCntr
<LI><a href="#[aa]">&gt;&gt;</a>&nbsp;&nbsp;&nbsp;CPCommStateGet
<LI><a href="#[d1]">&gt;&gt;</a>&nbsp;&nbsp;&nbsp;BatteryRuntimeSet
</UL>
<BR>[Address Reference Count : 1]<UL><LI> app_freertos.o(i.MX_FREERTOS_Init)
</UL>
<P><STRONG><a name="[201]"></a>DisableDebug</STRONG> (Thumb, 8 bytes, Stack size 0 bytes, data.o(i.DisableDebug))
<BR><BR>[Called By]<UL><LI><a href="#[67]">&gt;&gt;</a>&nbsp;&nbsp;&nbsp;main
</UL>

<P><STRONG><a name="[106]"></a>EnterStandbyMode</STRONG> (Thumb, 50 bytes, Stack size 8 bytes, data.o(i.EnterStandbyMode))
<BR><BR>[Stack]<UL><LI>Max Depth = 16<LI>Call Chain = EnterStandbyMode &rArr; HAL_PWR_EnableWakeUpPin
</UL>
<BR>[Calls]<UL><LI><a href="#[10a]">&gt;&gt;</a>&nbsp;&nbsp;&nbsp;HAL_PWR_EnterSTANDBYMode
<LI><a href="#[109]">&gt;&gt;</a>&nbsp;&nbsp;&nbsp;HAL_PWR_EnableWakeUpPin
<LI><a href="#[107]">&gt;&gt;</a>&nbsp;&nbsp;&nbsp;HAL_PWR_EnableBkUpAccess
<LI><a href="#[108]">&gt;&gt;</a>&nbsp;&nbsp;&nbsp;HAL_PWR_DisableWakeUpPin
</UL>
<BR>[Called By]<UL><LI><a href="#[cd]">&gt;&gt;</a>&nbsp;&nbsp;&nbsp;EnterStandbyModeWithPreparation
</UL>

<P><STRONG><a name="[cd]"></a>EnterStandbyModeWithPreparation</STRONG> (Thumb, 32 bytes, Stack size 8 bytes, data.o(i.EnterStandbyModeWithPreparation))
<BR><BR>[Stack]<UL><LI>Max Depth = 124<LI>Call Chain = EnterStandbyModeWithPreparation &rArr; PrepareForStandbyMode &rArr; HAL_RCC_DeInit &rArr; HAL_InitTick &rArr; HAL_TIM_Base_Init &rArr; TIM_Base_SetConfig
</UL>
<BR>[Calls]<UL><LI><a href="#[10c]">&gt;&gt;</a>&nbsp;&nbsp;&nbsp;SystemReset
<LI><a href="#[cb]">&gt;&gt;</a>&nbsp;&nbsp;&nbsp;IWDGSetMaxTimeout
<LI><a href="#[10b]">&gt;&gt;</a>&nbsp;&nbsp;&nbsp;PrepareForStandbyMode
<LI><a href="#[106]">&gt;&gt;</a>&nbsp;&nbsp;&nbsp;EnterStandbyMode
<LI><a href="#[ce]">&gt;&gt;</a>&nbsp;&nbsp;&nbsp;ClearAllFlags
</UL>
<BR>[Called By]<UL><LI><a href="#[178]">&gt;&gt;</a>&nbsp;&nbsp;&nbsp;HAL_TIM_OC_DelayElapsedCallback
<LI><a href="#[ca]">&gt;&gt;</a>&nbsp;&nbsp;&nbsp;CheckWakeupOnReset
</UL>

<P><STRONG><a name="[90]"></a>Error_Handler</STRONG> (Thumb, 4 bytes, Stack size 0 bytes, main.o(i.Error_Handler))
<BR><BR>[Called By]<UL><LI><a href="#[1aa]">&gt;&gt;</a>&nbsp;&nbsp;&nbsp;MX_IWDG_Init
<LI><a href="#[19d]">&gt;&gt;</a>&nbsp;&nbsp;&nbsp;IWDGRefresh
<LI><a href="#[13b]">&gt;&gt;</a>&nbsp;&nbsp;&nbsp;HAL_FDCAN_RxFifo0Callback
<LI><a href="#[144]">&gt;&gt;</a>&nbsp;&nbsp;&nbsp;HAL_FDCAN_MspInit
<LI><a href="#[97]">&gt;&gt;</a>&nbsp;&nbsp;&nbsp;CANStart
<LI><a href="#[9b]">&gt;&gt;</a>&nbsp;&nbsp;&nbsp;CANSendMessage
<LI><a href="#[12f]">&gt;&gt;</a>&nbsp;&nbsp;&nbsp;HAL_ADC_MspInit
<LI><a href="#[8e]">&gt;&gt;</a>&nbsp;&nbsp;&nbsp;ADCStartIT
<LI><a href="#[6e]">&gt;&gt;</a>&nbsp;&nbsp;&nbsp;SOCatchTaskFunc
<LI><a href="#[244]">&gt;&gt;</a>&nbsp;&nbsp;&nbsp;vApplicationStackOverflowHook
<LI><a href="#[1ad]">&gt;&gt;</a>&nbsp;&nbsp;&nbsp;Tim2StartOCIT
<LI><a href="#[1ac]">&gt;&gt;</a>&nbsp;&nbsp;&nbsp;Tim2StartICIT
<LI><a href="#[1ab]">&gt;&gt;</a>&nbsp;&nbsp;&nbsp;MX_TIM2_Init
<LI><a href="#[1a4]">&gt;&gt;</a>&nbsp;&nbsp;&nbsp;MX_FREERTOS_Init
<LI><a href="#[1a3]">&gt;&gt;</a>&nbsp;&nbsp;&nbsp;MX_FDCAN1_Init
<LI><a href="#[1a1]">&gt;&gt;</a>&nbsp;&nbsp;&nbsp;MX_ADC1_Init
<LI><a href="#[cb]">&gt;&gt;</a>&nbsp;&nbsp;&nbsp;IWDGSetMaxTimeout
</UL>

<P><STRONG><a name="[1f]"></a>FDCAN1_IT0_IRQHandler</STRONG> (Thumb, 6 bytes, Stack size 0 bytes, stm32g4xx_it.o(i.FDCAN1_IT0_IRQHandler))
<BR><BR>[Stack]<UL><LI>Max Depth = 256<LI>Call Chain = FDCAN1_IT0_IRQHandler &rArr; HAL_FDCAN_IRQHandler &rArr; HAL_FDCAN_RxFifo0Callback &rArr; CanRxRequest &rArr; osMessageQueuePut &rArr; xQueueGenericSend &rArr; xTaskResumeAll &rArr; xTaskIncrementTick
</UL>
<BR>[Calls]<UL><LI><a href="#[10d]">&gt;&gt;</a>&nbsp;&nbsp;&nbsp;HAL_FDCAN_IRQHandler
</UL>
<BR>[Address Reference Count : 1]<UL><LI> startup_stm32g473xx.o(RESET)
</UL>
<P><STRONG><a name="[20]"></a>FDCAN1_IT1_IRQHandler</STRONG> (Thumb, 6 bytes, Stack size 0 bytes, stm32g4xx_it.o(i.FDCAN1_IT1_IRQHandler))
<BR><BR>[Stack]<UL><LI>Max Depth = 256<LI>Call Chain = FDCAN1_IT1_IRQHandler &rArr; HAL_FDCAN_IRQHandler &rArr; HAL_FDCAN_RxFifo0Callback &rArr; CanRxRequest &rArr; osMessageQueuePut &rArr; xQueueGenericSend &rArr; xTaskResumeAll &rArr; xTaskIncrementTick
</UL>
<BR>[Calls]<UL><LI><a href="#[10d]">&gt;&gt;</a>&nbsp;&nbsp;&nbsp;HAL_FDCAN_IRQHandler
</UL>
<BR>[Address Reference Count : 1]<UL><LI> startup_stm32g473xx.o(RESET)
</UL>
<P><STRONG><a name="[57]"></a>FDCAN2_IT0_IRQHandler</STRONG> (Thumb, 6 bytes, Stack size 0 bytes, stm32g4xx_it.o(i.FDCAN2_IT0_IRQHandler))
<BR><BR>[Stack]<UL><LI>Max Depth = 256<LI>Call Chain = FDCAN2_IT0_IRQHandler &rArr; HAL_FDCAN_IRQHandler &rArr; HAL_FDCAN_RxFifo0Callback &rArr; CanRxRequest &rArr; osMessageQueuePut &rArr; xQueueGenericSend &rArr; xTaskResumeAll &rArr; xTaskIncrementTick
</UL>
<BR>[Calls]<UL><LI><a href="#[10d]">&gt;&gt;</a>&nbsp;&nbsp;&nbsp;HAL_FDCAN_IRQHandler
</UL>
<BR>[Address Reference Count : 1]<UL><LI> startup_stm32g473xx.o(RESET)
</UL>
<P><STRONG><a name="[58]"></a>FDCAN2_IT1_IRQHandler</STRONG> (Thumb, 6 bytes, Stack size 0 bytes, stm32g4xx_it.o(i.FDCAN2_IT1_IRQHandler))
<BR><BR>[Stack]<UL><LI>Max Depth = 256<LI>Call Chain = FDCAN2_IT1_IRQHandler &rArr; HAL_FDCAN_IRQHandler &rArr; HAL_FDCAN_RxFifo0Callback &rArr; CanRxRequest &rArr; osMessageQueuePut &rArr; xQueueGenericSend &rArr; xTaskResumeAll &rArr; xTaskIncrementTick
</UL>
<BR>[Calls]<UL><LI><a href="#[10d]">&gt;&gt;</a>&nbsp;&nbsp;&nbsp;HAL_FDCAN_IRQHandler
</UL>
<BR>[Address Reference Count : 1]<UL><LI> startup_stm32g473xx.o(RESET)
</UL>
<P><STRONG><a name="[10e]"></a>GPIOComLedPinSet</STRONG> (Thumb, 10 bytes, Stack size 0 bytes, gpio.o(i.GPIOComLedPinSet))
<BR><BR>[Stack]<UL><LI>Max Depth = 16<LI>Call Chain = GPIOComLedPinSet &rArr; HAL_GPIO_WritePin
</UL>
<BR>[Calls]<UL><LI><a href="#[10f]">&gt;&gt;</a>&nbsp;&nbsp;&nbsp;HAL_GPIO_WritePin
</UL>
<BR>[Called By]<UL><LI><a href="#[115]">&gt;&gt;</a>&nbsp;&nbsp;&nbsp;GPIOInitialPinStateSet
</UL>

<P><STRONG><a name="[d2]"></a>GPIOComLedPinToggle</STRONG> (Thumb, 8 bytes, Stack size 0 bytes, gpio.o(i.GPIOComLedPinToggle))
<BR><BR>[Stack]<UL><LI>Max Depth = 16<LI>Call Chain = GPIOComLedPinToggle &rArr; HAL_GPIO_TogglePin
</UL>
<BR>[Calls]<UL><LI><a href="#[110]">&gt;&gt;</a>&nbsp;&nbsp;&nbsp;HAL_GPIO_TogglePin
</UL>
<BR>[Called By]<UL><LI><a href="#[6d]">&gt;&gt;</a>&nbsp;&nbsp;&nbsp;DefaultTaskFunc
</UL>

<P><STRONG><a name="[111]"></a>GPIODeInit</STRONG> (Thumb, 200 bytes, Stack size 56 bytes, gpio.o(i.GPIODeInit))
<BR><BR>[Stack]<UL><LI>Max Depth = 96<LI>Call Chain = GPIODeInit &rArr; HAL_GPIO_Init
</UL>
<BR>[Calls]<UL><LI><a href="#[c7]">&gt;&gt;</a>&nbsp;&nbsp;&nbsp;__aeabi_memclr4
<LI><a href="#[112]">&gt;&gt;</a>&nbsp;&nbsp;&nbsp;HAL_GPIO_Init
<LI><a href="#[113]">&gt;&gt;</a>&nbsp;&nbsp;&nbsp;HAL_GPIO_DeInit
</UL>
<BR>[Called By]<UL><LI><a href="#[10b]">&gt;&gt;</a>&nbsp;&nbsp;&nbsp;PrepareForStandbyMode
</UL>

<P><STRONG><a name="[114]"></a>GPIOEnableBatteryCharging</STRONG> (Thumb, 12 bytes, Stack size 0 bytes, gpio.o(i.GPIOEnableBatteryCharging))
<BR><BR>[Stack]<UL><LI>Max Depth = 16<LI>Call Chain = GPIOEnableBatteryCharging &rArr; HAL_GPIO_WritePin
</UL>
<BR>[Calls]<UL><LI><a href="#[10f]">&gt;&gt;</a>&nbsp;&nbsp;&nbsp;HAL_GPIO_WritePin
</UL>
<BR>[Called By]<UL><LI><a href="#[115]">&gt;&gt;</a>&nbsp;&nbsp;&nbsp;GPIOInitialPinStateSet
</UL>

<P><STRONG><a name="[115]"></a>GPIOInitialPinStateSet</STRONG> (Thumb, 22 bytes, Stack size 8 bytes, gpio.o(i.GPIOInitialPinStateSet))
<BR><BR>[Stack]<UL><LI>Max Depth = 24<LI>Call Chain = GPIOInitialPinStateSet &rArr; GPIORelayPinSet &rArr; HAL_GPIO_WritePin
</UL>
<BR>[Calls]<UL><LI><a href="#[b2]">&gt;&gt;</a>&nbsp;&nbsp;&nbsp;GPIORelayPinSet
<LI><a href="#[114]">&gt;&gt;</a>&nbsp;&nbsp;&nbsp;GPIOEnableBatteryCharging
<LI><a href="#[10e]">&gt;&gt;</a>&nbsp;&nbsp;&nbsp;GPIOComLedPinSet
</UL>
<BR>[Called By]<UL><LI><a href="#[67]">&gt;&gt;</a>&nbsp;&nbsp;&nbsp;main
</UL>

<P><STRONG><a name="[b1]"></a>GPIORelayPinGet</STRONG> (Thumb, 22 bytes, Stack size 8 bytes, gpio.o(i.GPIORelayPinGet))
<BR><BR>[Stack]<UL><LI>Max Depth = 24<LI>Call Chain = GPIORelayPinGet &rArr; HAL_GPIO_ReadPin
</UL>
<BR>[Calls]<UL><LI><a href="#[116]">&gt;&gt;</a>&nbsp;&nbsp;&nbsp;HAL_GPIO_ReadPin
</UL>
<BR>[Called By]<UL><LI><a href="#[a4]">&gt;&gt;</a>&nbsp;&nbsp;&nbsp;CanProcessData
</UL>

<P><STRONG><a name="[b2]"></a>GPIORelayPinSet</STRONG> (Thumb, 14 bytes, Stack size 0 bytes, gpio.o(i.GPIORelayPinSet))
<BR><BR>[Stack]<UL><LI>Max Depth = 16<LI>Call Chain = GPIORelayPinSet &rArr; HAL_GPIO_WritePin
</UL>
<BR>[Calls]<UL><LI><a href="#[10f]">&gt;&gt;</a>&nbsp;&nbsp;&nbsp;HAL_GPIO_WritePin
</UL>
<BR>[Called By]<UL><LI><a href="#[a4]">&gt;&gt;</a>&nbsp;&nbsp;&nbsp;CanProcessData
<LI><a href="#[115]">&gt;&gt;</a>&nbsp;&nbsp;&nbsp;GPIOInitialPinStateSet
</UL>

<P><STRONG><a name="[1ca]"></a>GetEventOccured</STRONG> (Thumb, 12 bytes, Stack size 0 bytes, data.o(i.GetEventOccured))
<BR><BR>[Called By]<UL><LI><a href="#[1c9]">&gt;&gt;</a>&nbsp;&nbsp;&nbsp;SOStateDetermined
</UL>

<P><STRONG><a name="[1cb]"></a>GetEventOccured2</STRONG> (Thumb, 12 bytes, Stack size 0 bytes, data.o(i.GetEventOccured2))
<BR><BR>[Called By]<UL><LI><a href="#[1c9]">&gt;&gt;</a>&nbsp;&nbsp;&nbsp;SOStateDetermined
</UL>

<P><STRONG><a name="[117]"></a>GetFrequency</STRONG> (Thumb, 46 bytes, Stack size 16 bytes, data.o(i.GetFrequency))
<BR><BR>[Stack]<UL><LI>Max Depth = 16<LI>Call Chain = GetFrequency
</UL>
<BR>[Calls]<UL><LI><a href="#[118]">&gt;&gt;</a>&nbsp;&nbsp;&nbsp;SOCatchIsCardActive
</UL>
<BR>[Called By]<UL><LI><a href="#[71]">&gt;&gt;</a>&nbsp;&nbsp;&nbsp;SignalCheckTaskFunc
</UL>

<P><STRONG><a name="[1d3]"></a>GetFrequencyState</STRONG> (Thumb, 8 bytes, Stack size 0 bytes, data.o(i.GetFrequencyState))
<BR><BR>[Called By]<UL><LI><a href="#[71]">&gt;&gt;</a>&nbsp;&nbsp;&nbsp;SignalCheckTaskFunc
</UL>

<P><STRONG><a name="[e0]"></a>GetGGConflictState</STRONG> (Thumb, 40 bytes, Stack size 0 bytes, data.o(i.GetGGConflictState))
<BR><BR>[Called By]<UL><LI><a href="#[d4]">&gt;&gt;</a>&nbsp;&nbsp;&nbsp;DetermineConflictState
</UL>

<P><STRONG><a name="[df]"></a>GetGGEM</STRONG> (Thumb, 12 bytes, Stack size 0 bytes, data.o(i.GetGGEM))
<BR><BR>[Called By]<UL><LI><a href="#[d4]">&gt;&gt;</a>&nbsp;&nbsp;&nbsp;DetermineConflictState
</UL>

<P><STRONG><a name="[1f0]"></a>GetInvalidSignalEM</STRONG> (Thumb, 12 bytes, Stack size 0 bytes, data.o(i.GetInvalidSignalEM))
<BR><BR>[Called By]<UL><LI><a href="#[71]">&gt;&gt;</a>&nbsp;&nbsp;&nbsp;SignalCheckTaskFunc
</UL>

<P><STRONG><a name="[1f2]"></a>GetInvalidSignalSequenceEM</STRONG> (Thumb, 10 bytes, Stack size 0 bytes, data.o(i.GetInvalidSignalSequenceEM))
<BR><BR>[Called By]<UL><LI><a href="#[71]">&gt;&gt;</a>&nbsp;&nbsp;&nbsp;SignalCheckTaskFunc
</UL>

<P><STRONG><a name="[119]"></a>GetMinCurrentRecordSamples</STRONG> (Thumb, 10 bytes, Stack size 4 bytes, data.o(i.GetMinCurrentRecordSamples))
<BR><BR>[Stack]<UL><LI>Max Depth = 4<LI>Call Chain = GetMinCurrentRecordSamples
</UL>
<BR>[Calls]<UL><LI><a href="#[ee]">&gt;&gt;</a>&nbsp;&nbsp;&nbsp;GetSOType
</UL>
<BR>[Called By]<UL><LI><a href="#[19f]">&gt;&gt;</a>&nbsp;&nbsp;&nbsp;IncreasePowerRecordSamples
</UL>

<P><STRONG><a name="[e6]"></a>GetNoOfLastDetectedWorkingLamps</STRONG> (Thumb, 24 bytes, Stack size 0 bytes, data.o(i.GetNoOfLastDetectedWorkingLamps))
<BR><BR>[Called By]<UL><LI><a href="#[e2]">&gt;&gt;</a>&nbsp;&nbsp;&nbsp;DetermineSOLampsState
</UL>

<P><STRONG><a name="[1d8]"></a>GetSGFirstOutput</STRONG> (Thumb, 28 bytes, Stack size 0 bytes, data.o(i.GetSGFirstOutput))
<BR><BR>[Called By]<UL><LI><a href="#[71]">&gt;&gt;</a>&nbsp;&nbsp;&nbsp;SignalCheckTaskFunc
</UL>

<P><STRONG><a name="[f1]"></a>GetSGLastRedLampFailureEM</STRONG> (Thumb, 32 bytes, Stack size 0 bytes, data.o(i.GetSGLastRedLampFailureEM))
<BR><BR>[Called By]<UL><LI><a href="#[e2]">&gt;&gt;</a>&nbsp;&nbsp;&nbsp;DetermineSOLampsState
</UL>

<P><STRONG><a name="[f0]"></a>GetSGNoOfFailedLamps</STRONG> (Thumb, 80 bytes, Stack size 16 bytes, data.o(i.GetSGNoOfFailedLamps))
<BR><BR>[Stack]<UL><LI>Max Depth = 16<LI>Call Chain = GetSGNoOfFailedLamps
</UL>
<BR>[Called By]<UL><LI><a href="#[e2]">&gt;&gt;</a>&nbsp;&nbsp;&nbsp;DetermineSOLampsState
</UL>

<P><STRONG><a name="[ef]"></a>GetSGNoOfLamps</STRONG> (Thumb, 62 bytes, Stack size 8 bytes, data.o(i.GetSGNoOfLamps))
<BR><BR>[Stack]<UL><LI>Max Depth = 8<LI>Call Chain = GetSGNoOfLamps
</UL>
<BR>[Called By]<UL><LI><a href="#[e2]">&gt;&gt;</a>&nbsp;&nbsp;&nbsp;DetermineSOLampsState
</UL>

<P><STRONG><a name="[d7]"></a>GetSGOwner</STRONG> (Thumb, 20 bytes, Stack size 0 bytes, data.o(i.GetSGOwner))
<BR><BR>[Called By]<UL><LI><a href="#[71]">&gt;&gt;</a>&nbsp;&nbsp;&nbsp;SignalCheckTaskFunc
<LI><a href="#[e2]">&gt;&gt;</a>&nbsp;&nbsp;&nbsp;DetermineSOLampsState
<LI><a href="#[d4]">&gt;&gt;</a>&nbsp;&nbsp;&nbsp;DetermineConflictState
</UL>

<P><STRONG><a name="[f5]"></a>GetSGRedLampFailureNumber</STRONG> (Thumb, 28 bytes, Stack size 0 bytes, data.o(i.GetSGRedLampFailureNumber))
<BR><BR>[Called By]<UL><LI><a href="#[e2]">&gt;&gt;</a>&nbsp;&nbsp;&nbsp;DetermineSOLampsState
</UL>

<P><STRONG><a name="[f6]"></a>GetSGRedLampFailureNumberEM</STRONG> (Thumb, 32 bytes, Stack size 0 bytes, data.o(i.GetSGRedLampFailureNumberEM))
<BR><BR>[Called By]<UL><LI><a href="#[e2]">&gt;&gt;</a>&nbsp;&nbsp;&nbsp;DetermineSOLampsState
</UL>

<P><STRONG><a name="[1d0]"></a>GetSGTotal</STRONG> (Thumb, 8 bytes, Stack size 0 bytes, data.o(i.GetSGTotal))
<BR><BR>[Called By]<UL><LI><a href="#[71]">&gt;&gt;</a>&nbsp;&nbsp;&nbsp;SignalCheckTaskFunc
</UL>

<P><STRONG><a name="[ec]"></a>GetSOEM</STRONG> (Thumb, 24 bytes, Stack size 0 bytes, data.o(i.GetSOEM))
<BR><BR>[Called By]<UL><LI><a href="#[e2]">&gt;&gt;</a>&nbsp;&nbsp;&nbsp;DetermineSOLampsState
</UL>

<P><STRONG><a name="[e4]"></a>GetSOMinPower</STRONG> (Thumb, 152 bytes, Stack size 40 bytes, data.o(i.GetSOMinPower))
<BR><BR>[Stack]<UL><LI>Max Depth = 128<LI>Call Chain = GetSOMinPower &rArr; __aeabi_dmul &rArr; _double_epilogue &rArr; _double_round
</UL>
<BR>[Calls]<UL><LI><a href="#[88]">&gt;&gt;</a>&nbsp;&nbsp;&nbsp;__aeabi_ui2d
<LI><a href="#[87]">&gt;&gt;</a>&nbsp;&nbsp;&nbsp;__aeabi_i2d
<LI><a href="#[85]">&gt;&gt;</a>&nbsp;&nbsp;&nbsp;__aeabi_dmul
<LI><a href="#[86]">&gt;&gt;</a>&nbsp;&nbsp;&nbsp;__aeabi_ddiv
<LI><a href="#[7e]">&gt;&gt;</a>&nbsp;&nbsp;&nbsp;__aeabi_dadd
<LI><a href="#[8b]">&gt;&gt;</a>&nbsp;&nbsp;&nbsp;__aeabi_d2uiz
[...]
<BR>[Calls]<UL><LI><a href="#[c9]">&gt;&gt;</a>&nbsp;&nbsp;&nbsp;__aeabi_memcpy
</UL>
<BR>[Called By]<UL><LI><a href="#[20f]">&gt;&gt;</a>&nbsp;&nbsp;&nbsp;xQueueReceiveFromISR
<LI><a href="#[21a]">&gt;&gt;</a>&nbsp;&nbsp;&nbsp;xQueueReceive
</UL>

<P><STRONG><a name="[22c]"></a>prvCopyDataToQueue</STRONG> (Thumb, 108 bytes, Stack size 24 bytes, queue.o(i.prvCopyDataToQueue))
<BR><BR>[Stack]<UL><LI>Max Depth = 40<LI>Call Chain = prvCopyDataToQueue &rArr; xTaskPriorityDisinherit
</UL>
<BR>[Calls]<UL><LI><a href="#[c9]">&gt;&gt;</a>&nbsp;&nbsp;&nbsp;__aeabi_memcpy
<LI><a href="#[22d]">&gt;&gt;</a>&nbsp;&nbsp;&nbsp;xTaskPriorityDisinherit
</UL>
<BR>[Called By]<UL><LI><a href="#[21e]">&gt;&gt;</a>&nbsp;&nbsp;&nbsp;xQueueGenericSendFromISR
<LI><a href="#[216]">&gt;&gt;</a>&nbsp;&nbsp;&nbsp;xQueueGenericSend
</UL>

<P><STRONG><a name="[22f]"></a>prvInitialiseNewQueue</STRONG> (Thumb, 34 bytes, Stack size 16 bytes, queue.o(i.prvInitialiseNewQueue))
<BR><BR>[Stack]<UL><LI>Max Depth = 48<LI>Call Chain = prvInitialiseNewQueue &rArr; xQueueGenericReset &rArr; xTaskRemoveFromEventList
</UL>
<BR>[Calls]<UL><LI><a href="#[230]">&gt;&gt;</a>&nbsp;&nbsp;&nbsp;xQueueGenericReset
</UL>
<BR>[Called By]<UL><LI><a href="#[21b]">&gt;&gt;</a>&nbsp;&nbsp;&nbsp;xQueueGenericCreateStatic
<LI><a href="#[21c]">&gt;&gt;</a>&nbsp;&nbsp;&nbsp;xQueueGenericCreate
</UL>

<P><STRONG><a name="[235]"></a>prvIsQueueEmpty</STRONG> (Thumb, 28 bytes, Stack size 8 bytes, queue.o(i.prvIsQueueEmpty))
<BR><BR>[Stack]<UL><LI>Max Depth = 8<LI>Call Chain = prvIsQueueEmpty
</UL>
<BR>[Calls]<UL><LI><a href="#[200]">&gt;&gt;</a>&nbsp;&nbsp;&nbsp;vPortExitCritical
<LI><a href="#[1ff]">&gt;&gt;</a>&nbsp;&nbsp;&nbsp;vPortEnterCritical
</UL>
<BR>[Called By]<UL><LI><a href="#[212]">&gt;&gt;</a>&nbsp;&nbsp;&nbsp;xQueueSemaphoreTake
<LI><a href="#[21a]">&gt;&gt;</a>&nbsp;&nbsp;&nbsp;xQueueReceive
</UL>

<P><STRONG><a name="[23f]"></a>prvUnlockQueue</STRONG> (Thumb, 106 bytes, Stack size 24 bytes, queue.o(i.prvUnlockQueue))
<BR><BR>[Stack]<UL><LI>Max Depth = 40<LI>Call Chain = prvUnlockQueue &rArr; xTaskRemoveFromEventList
</UL>
<BR>[Calls]<UL><LI><a href="#[240]">&gt;&gt;</a>&nbsp;&nbsp;&nbsp;xTaskRemoveFromEventList
<LI><a href="#[241]">&gt;&gt;</a>&nbsp;&nbsp;&nbsp;vTaskMissedYield
<LI><a href="#[200]">&gt;&gt;</a>&nbsp;&nbsp;&nbsp;vPortExitCritical
<LI><a href="#[1ff]">&gt;&gt;</a>&nbsp;&nbsp;&nbsp;vPortEnterCritical
</UL>
<BR>[Called By]<UL><LI><a href="#[212]">&gt;&gt;</a>&nbsp;&nbsp;&nbsp;xQueueSemaphoreTake
<LI><a href="#[21a]">&gt;&gt;</a>&nbsp;&nbsp;&nbsp;xQueueReceive
<LI><a href="#[216]">&gt;&gt;</a>&nbsp;&nbsp;&nbsp;xQueueGenericSend
<LI><a href="#[23c]">&gt;&gt;</a>&nbsp;&nbsp;&nbsp;vQueueWaitForMessageRestricted
</UL>

<P><STRONG><a name="[224]"></a>prvAddCurrentTaskToDelayedList</STRONG> (Thumb, 84 bytes, Stack size 24 bytes, tasks.o(i.prvAddCurrentTaskToDelayedList))
<BR><BR>[Stack]<UL><LI>Max Depth = 36<LI>Call Chain = prvAddCurrentTaskToDelayedList &rArr; vListInsert
</UL>
<BR>[Calls]<UL><LI><a href="#[226]">&gt;&gt;</a>&nbsp;&nbsp;&nbsp;vListInsertEnd
<LI><a href="#[227]">&gt;&gt;</a>&nbsp;&nbsp;&nbsp;vListInsert
<LI><a href="#[225]">&gt;&gt;</a>&nbsp;&nbsp;&nbsp;uxListRemove
</UL>
<BR>[Called By]<UL><LI><a href="#[205]">&gt;&gt;</a>&nbsp;&nbsp;&nbsp;vTaskDelay
<LI><a href="#[247]">&gt;&gt;</a>&nbsp;&nbsp;&nbsp;vTaskPlaceOnEventListRestricted
<LI><a href="#[248]">&gt;&gt;</a>&nbsp;&nbsp;&nbsp;vTaskPlaceOnEventList
<LI><a href="#[249]">&gt;&gt;</a>&nbsp;&nbsp;&nbsp;vTaskPlaceOnUnorderedEventList
</UL>

<P><STRONG><a name="[228]"></a>prvAddNewTaskToReadyList</STRONG> (Thumb, 190 bytes, Stack size 24 bytes, tasks.o(i.prvAddNewTaskToReadyList))
<BR><BR>[Stack]<UL><LI>Max Depth = 24<LI>Call Chain = prvAddNewTaskToReadyList
</UL>
<BR>[Calls]<UL><LI><a href="#[226]">&gt;&gt;</a>&nbsp;&nbsp;&nbsp;vListInsertEnd
<LI><a href="#[200]">&gt;&gt;</a>&nbsp;&nbsp;&nbsp;vPortExitCritical
<LI><a href="#[1ff]">&gt;&gt;</a>&nbsp;&nbsp;&nbsp;vPortEnterCritical
<LI><a href="#[229]">&gt;&gt;</a>&nbsp;&nbsp;&nbsp;vListInitialise
</UL>
<BR>[Called By]<UL><LI><a href="#[220]">&gt;&gt;</a>&nbsp;&nbsp;&nbsp;xTaskCreateStatic
<LI><a href="#[221]">&gt;&gt;</a>&nbsp;&nbsp;&nbsp;xTaskCreate
</UL>

<P><STRONG><a name="[22e]"></a>prvDeleteTCB</STRONG> (Thumb, 52 bytes, Stack size 8 bytes, tasks.o(i.prvDeleteTCB))
<BR><BR>[Stack]<UL><LI>Max Depth = 80<LI>Call Chain = prvDeleteTCB &rArr; vPortFree &rArr; xTaskResumeAll &rArr; xTaskIncrementTick
</UL>
<BR>[Calls]<UL><LI><a href="#[219]">&gt;&gt;</a>&nbsp;&nbsp;&nbsp;vPortFree
</UL>
<BR>[Called By]<UL><LI><a href="#[74]">&gt;&gt;</a>&nbsp;&nbsp;&nbsp;prvIdleTask
</UL>

<P><STRONG><a name="[74]"></a>prvIdleTask</STRONG> (Thumb, 82 bytes, Stack size 0 bytes, tasks.o(i.prvIdleTask))
<BR><BR>[Stack]<UL><LI>Max Depth = 80<LI>Call Chain = prvIdleTask &rArr; prvDeleteTCB &rArr; vPortFree &rArr; xTaskResumeAll &rArr; xTaskIncrementTick
</UL>
<BR>[Calls]<UL><LI><a href="#[22e]">&gt;&gt;</a>&nbsp;&nbsp;&nbsp;prvDeleteTCB
<LI><a href="#[225]">&gt;&gt;</a>&nbsp;&nbsp;&nbsp;uxListRemove
<LI><a href="#[200]">&gt;&gt;</a>&nbsp;&nbsp;&nbsp;vPortExitCritical
<LI><a href="#[1ff]">&gt;&gt;</a>&nbsp;&nbsp;&nbsp;vPortEnterCritical
</UL>
<BR>[Address Reference Count : 1]<UL><LI> tasks.o(i.vTaskStartScheduler)
</UL>
<P><STRONG><a name="[231]"></a>prvInitialiseNewTask</STRONG> (Thumb, 178 bytes, Stack size 40 bytes, tasks.o(i.prvInitialiseNewTask))
<BR><BR>[Stack]<UL><LI>Max Depth = 48<LI>Call Chain = prvInitialiseNewTask &rArr; pxPortInitialiseStack
</UL>
<BR>[Calls]<UL><LI><a href="#[233]">&gt;&gt;</a>&nbsp;&nbsp;&nbsp;pxPortInitialiseStack
<LI><a href="#[7c]">&gt;&gt;</a>&nbsp;&nbsp;&nbsp;__aeabi_memset
<LI><a href="#[232]">&gt;&gt;</a>&nbsp;&nbsp;&nbsp;vListInitialiseItem
</UL>
<BR>[Called By]<UL><LI><a href="#[220]">&gt;&gt;</a>&nbsp;&nbsp;&nbsp;xTaskCreateStatic
<LI><a href="#[221]">&gt;&gt;</a>&nbsp;&nbsp;&nbsp;xTaskCreate
</UL>

<P><STRONG><a name="[251]"></a>prvResetNextTaskUnblockTime</STRONG> (Thumb, 26 bytes, Stack size 0 bytes, tasks.o(i.prvResetNextTaskUnblockTime))
<BR><BR>[Called By]<UL><LI><a href="#[259]">&gt;&gt;</a>&nbsp;&nbsp;&nbsp;xTaskIncrementTick
<LI><a href="#[223]">&gt;&gt;</a>&nbsp;&nbsp;&nbsp;vTaskSuspend
<LI><a href="#[23b]">&gt;&gt;</a>&nbsp;&nbsp;&nbsp;xTaskResumeAll
</UL>

<P><STRONG><a name="[24c]"></a>prvTaskIsTaskSuspended</STRONG> (Thumb, 48 bytes, Stack size 0 bytes, tasks.o(i.prvTaskIsTaskSuspended))
<BR><BR>[Called By]<UL><LI><a href="#[222]">&gt;&gt;</a>&nbsp;&nbsp;&nbsp;vTaskResume
</UL>

<P><STRONG><a name="[22a]"></a>prvCheckForValidListAndQueue</STRONG> (Thumb, 72 bytes, Stack size 16 bytes, timers.o(i.prvCheckForValidListAndQueue))
<BR><BR>[Stack]<UL><LI>Max Depth = 80<LI>Call Chain = prvCheckForValidListAndQueue &rArr; xQueueGenericCreateStatic &rArr; prvInitialiseNewQueue &rArr; xQueueGenericReset &rArr; xTaskRemoveFromEventList
</UL>
<BR>[Calls]<UL><LI><a href="#[21b]">&gt;&gt;</a>&nbsp;&nbsp;&nbsp;xQueueGenericCreateStatic
<LI><a href="#[21d]">&gt;&gt;</a>&nbsp;&nbsp;&nbsp;vQueueAddToRegistry
<LI><a href="#[200]">&gt;&gt;</a>&nbsp;&nbsp;&nbsp;vPortExitCritical
<LI><a href="#[1ff]">&gt;&gt;</a>&nbsp;&nbsp;&nbsp;vPortEnterCritical
<LI><a href="#[229]">&gt;&gt;</a>&nbsp;&nbsp;&nbsp;vListInitialise
</UL>
<BR>[Called By]<UL><LI><a href="#[24e]">&gt;&gt;</a>&nbsp;&nbsp;&nbsp;xTimerCreateTimerTask
</UL>

<P><STRONG><a name="[234]"></a>prvInsertTimerInActiveList</STRONG> (Thumb, 52 bytes, Stack size 16 bytes, timers.o(i.prvInsertTimerInActiveList))
<BR><BR>[Stack]<UL><LI>Max Depth = 28<LI>Call Chain = prvInsertTimerInActiveList &rArr; vListInsert
</UL>
<BR>[Calls]<UL><LI><a href="#[227]">&gt;&gt;</a>&nbsp;&nbsp;&nbsp;vListInsert
</UL>
<BR>[Called By]<UL><LI><a href="#[239]">&gt;&gt;</a>&nbsp;&nbsp;&nbsp;prvProcessTimerOrBlockTask
<LI><a href="#[236]">&gt;&gt;</a>&nbsp;&nbsp;&nbsp;prvProcessReceivedCommands
</UL>

<P><STRONG><a name="[236]"></a>prvProcessReceivedCommands</STRONG> (Thumb, 248 bytes, Stack size 48 bytes, timers.o(i.prvProcessReceivedCommands))
<BR><BR>[Stack]<UL><LI>Max Depth = 240<LI>Call Chain = prvProcessReceivedCommands &rArr; prvSampleTimeNow &rArr; prvSwitchTimerLists &rArr; xTimerGenericCommand &rArr; xQueueGenericSend &rArr; xTaskResumeAll &rArr; xTaskIncrementTick
</UL>
<BR>[Calls]<UL><LI><a href="#[238]">&gt;&gt;</a>&nbsp;&nbsp;&nbsp;xTimerGenericCommand
<LI><a href="#[237]">&gt;&gt;</a>&nbsp;&nbsp;&nbsp;prvSampleTimeNow
<LI><a href="#[234]">&gt;&gt;</a>&nbsp;&nbsp;&nbsp;prvInsertTimerInActiveList
<LI><a href="#[21a]">&gt;&gt;</a>&nbsp;&nbsp;&nbsp;xQueueReceive
<LI><a href="#[225]">&gt;&gt;</a>&nbsp;&nbsp;&nbsp;uxListRemove
<LI><a href="#[219]">&gt;&gt;</a>&nbsp;&nbsp;&nbsp;vPortFree
</UL>
<BR>[Called By]<UL><LI><a href="#[77]">&gt;&gt;</a>&nbsp;&nbsp;&nbsp;prvTimerTask
</UL>

<P><STRONG><a name="[239]"></a>prvProcessTimerOrBlockTask</STRONG> (Thumb, 182 bytes, Stack size 32 bytes, timers.o(i.prvProcessTimerOrBlockTask))
<BR><BR>[Stack]<UL><LI>Max Depth = 224<LI>Call Chain = prvProcessTimerOrBlockTask &rArr; prvSampleTimeNow &rArr; prvSwitchTimerLists &rArr; xTimerGenericCommand &rArr; xQueueGenericSend &rArr; xTaskResumeAll &rArr; xTaskIncrementTick
</UL>
<BR>[Calls]<UL><LI><a href="#[238]">&gt;&gt;</a>&nbsp;&nbsp;&nbsp;xTimerGenericCommand
<LI><a href="#[237]">&gt;&gt;</a>&nbsp;&nbsp;&nbsp;prvSampleTimeNow
<LI><a href="#[234]">&gt;&gt;</a>&nbsp;&nbsp;&nbsp;prvInsertTimerInActiveList
<LI><a href="#[23c]">&gt;&gt;</a>&nbsp;&nbsp;&nbsp;vQueueWaitForMessageRestricted
<LI><a href="#[225]">&gt;&gt;</a>&nbsp;&nbsp;&nbsp;uxListRemove
<LI><a href="#[23b]">&gt;&gt;</a>&nbsp;&nbsp;&nbsp;xTaskResumeAll
<LI><a href="#[23a]">&gt;&gt;</a>&nbsp;&nbsp;&nbsp;vTaskSuspendAll
</UL>
<BR>[Called By]<UL><LI><a href="#[77]">&gt;&gt;</a>&nbsp;&nbsp;&nbsp;prvTimerTask
</UL>

<P><STRONG><a name="[237]"></a>prvSampleTimeNow</STRONG> (Thumb, 36 bytes, Stack size 16 bytes, timers.o(i.prvSampleTimeNow))
<BR><BR>[Stack]<UL><LI>Max Depth = 192<LI>Call Chain = prvSampleTimeNow &rArr; prvSwitchTimerLists &rArr; xTimerGenericCommand &rArr; xQueueGenericSend &rArr; xTaskResumeAll &rArr; xTaskIncrementTick
</UL>
<BR>[Calls]<UL><LI><a href="#[23e]">&gt;&gt;</a>&nbsp;&nbsp;&nbsp;prvSwitchTimerLists
<LI><a href="#[23d]">&gt;&gt;</a>&nbsp;&nbsp;&nbsp;xTaskGetTickCount
</UL>
<BR>[Called By]<UL><LI><a href="#[239]">&gt;&gt;</a>&nbsp;&nbsp;&nbsp;prvProcessTimerOrBlockTask
<LI><a href="#[236]">&gt;&gt;</a>&nbsp;&nbsp;&nbsp;prvProcessReceivedCommands
</UL>

<P><STRONG><a name="[23e]"></a>prvSwitchTimerLists</STRONG> (Thumb, 104 bytes, Stack size 24 bytes, timers.o(i.prvSwitchTimerLists))
<BR><BR>[Stack]<UL><LI>Max Depth = 176<LI>Call Chain = prvSwitchTimerLists &rArr; xTimerGenericCommand &rArr; xQueueGenericSend &rArr; xTaskResumeAll &rArr; xTaskIncrementTick
</UL>
<BR>[Calls]<UL><LI><a href="#[238]">&gt;&gt;</a>&nbsp;&nbsp;&nbsp;xTimerGenericCommand
<LI><a href="#[227]">&gt;&gt;</a>&nbsp;&nbsp;&nbsp;vListInsert
<LI><a href="#[225]">&gt;&gt;</a>&nbsp;&nbsp;&nbsp;uxListRemove
</UL>
<BR>[Called By]<UL><LI><a href="#[237]">&gt;&gt;</a>&nbsp;&nbsp;&nbsp;prvSampleTimeNow
</UL>

<P><STRONG><a name="[77]"></a>prvTimerTask</STRONG> (Thumb, 32 bytes, Stack size 0 bytes, timers.o(i.prvTimerTask))
<BR><BR>[Stack]<UL><LI>Max Depth = 240<LI>Call Chain = prvTimerTask &rArr; prvProcessReceivedCommands &rArr; prvSampleTimeNow &rArr; prvSwitchTimerLists &rArr; xTimerGenericCommand &rArr; xQueueGenericSend &rArr; xTaskResumeAll &rArr; xTaskIncrementTick
</UL>
<BR>[Calls]<UL><LI><a href="#[239]">&gt;&gt;</a>&nbsp;&nbsp;&nbsp;prvProcessTimerOrBlockTask
<LI><a href="#[236]">&gt;&gt;</a>&nbsp;&nbsp;&nbsp;prvProcessReceivedCommands
</UL>
<BR>[Address Reference Count : 1]<UL><LI> timers.o(i.xTimerCreateTimerTask)
</UL>
<P><STRONG><a name="[210]"></a>AllocBlock</STRONG> (Thumb, 18 bytes, Stack size 0 bytes, cmsis_os2.o(i.AllocBlock))
<BR><BR>[Called By]<UL><LI><a href="#[c4]">&gt;&gt;</a>&nbsp;&nbsp;&nbsp;osMemoryPoolAlloc
</UL>

<P><STRONG><a name="[211]"></a>CreateBlock</STRONG> (Thumb, 26 bytes, Stack size 0 bytes, cmsis_os2.o(i.CreateBlock))
<BR><BR>[Called By]<UL><LI><a href="#[c4]">&gt;&gt;</a>&nbsp;&nbsp;&nbsp;osMemoryPoolAlloc
</UL>

<P><STRONG><a name="[242]"></a>prvHeapInit</STRONG> (Thumb, 66 bytes, Stack size 0 bytes, heap_4.o(i.prvHeapInit))
<BR><BR>[Called By]<UL><LI><a href="#[217]">&gt;&gt;</a>&nbsp;&nbsp;&nbsp;pvPortMalloc
</UL>

<P><STRONG><a name="[243]"></a>prvInsertBlockIntoFreeList</STRONG> (Thumb, 72 bytes, Stack size 12 bytes, heap_4.o(i.prvInsertBlockIntoFreeList))
<BR><BR>[Stack]<UL><LI>Max Depth = 12<LI>Call Chain = prvInsertBlockIntoFreeList
</UL>
<BR>[Called By]<UL><LI><a href="#[219]">&gt;&gt;</a>&nbsp;&nbsp;&nbsp;vPortFree
<LI><a href="#[217]">&gt;&gt;</a>&nbsp;&nbsp;&nbsp;pvPortMalloc
</UL>

<P><STRONG><a name="[73]"></a>prvTaskExitError</STRONG> (Thumb, 36 bytes, Stack size 0 bytes, port.o(i.prvTaskExitError))
<BR>[Address Reference Count : 1]<UL><LI> port.o(i.pxPortInitialiseStack)
</UL>
<P><STRONG><a name="[d4]"></a>DetermineConflictState</STRONG> (Thumb, 382 bytes, Stack size 32 bytes, signalcheck.o(i.DetermineConflictState))
<BR><BR>[Stack]<UL><LI>Max Depth = 200<LI>Call Chain = DetermineConflictState &rArr; LogRequest &rArr; osMessageQueuePut &rArr; xQueueGenericSend &rArr; xTaskResumeAll &rArr; xTaskIncrementTick
</UL>
<BR>[Calls]<UL><LI><a href="#[db]">&gt;&gt;</a>&nbsp;&nbsp;&nbsp;SetYYConflictState
<LI><a href="#[de]">&gt;&gt;</a>&nbsp;&nbsp;&nbsp;SetYGConflictState
<LI><a href="#[e1]">&gt;&gt;</a>&nbsp;&nbsp;&nbsp;SetGGConflictState
<LI><a href="#[d8]">&gt;&gt;</a>&nbsp;&nbsp;&nbsp;SetEmergencyMethodSet
<LI><a href="#[da]">&gt;&gt;</a>&nbsp;&nbsp;&nbsp;LogRequest
<LI><a href="#[d6]">&gt;&gt;</a>&nbsp;&nbsp;&nbsp;GetYYEM
<LI><a href="#[d9]">&gt;&gt;</a>&nbsp;&nbsp;&nbsp;GetYYConflictState
<LI><a href="#[dc]">&gt;&gt;</a>&nbsp;&nbsp;&nbsp;GetYGEM
<LI><a href="#[dd]">&gt;&gt;</a>&nbsp;&nbsp;&nbsp;GetYGConflictState
<LI><a href="#[d7]">&gt;&gt;</a>&nbsp;&nbsp;&nbsp;GetSGOwner
<LI><a href="#[df]">&gt;&gt;</a>&nbsp;&nbsp;&nbsp;GetGGEM
<LI><a href="#[e0]">&gt;&gt;</a>&nbsp;&nbsp;&nbsp;GetGGConflictState
<LI><a href="#[d5]">&gt;&gt;</a>&nbsp;&nbsp;&nbsp;ConflictingSG
</UL>
<BR>[Called By]<UL><LI><a href="#[71]">&gt;&gt;</a>&nbsp;&nbsp;&nbsp;SignalCheckTaskFunc
</UL>

<P><STRONG><a name="[e2]"></a>DetermineSOLampsState</STRONG> (Thumb, 1076 bytes, Stack size 56 bytes, signalcheck.o(i.DetermineSOLampsState))
<BR><BR>[Stack]<UL><LI>Max Depth = 224<LI>Call Chain = DetermineSOLampsState &rArr; LogRequest &rArr; osMessageQueuePut &rArr; xQueueGenericSend &rArr; xTaskResumeAll &rArr; xTaskIncrementTick
</UL>
<BR>[Calls]<UL><LI><a href="#[e5]">&gt;&gt;</a>&nbsp;&nbsp;&nbsp;__aeabi_cdrcmple
<LI><a href="#[88]">&gt;&gt;</a>&nbsp;&nbsp;&nbsp;__aeabi_ui2d
<LI><a href="#[85]">&gt;&gt;</a>&nbsp;&nbsp;&nbsp;__aeabi_dmul
<LI><a href="#[eb]">&gt;&gt;</a>&nbsp;&nbsp;&nbsp;SetSONoOfWorkingLamps
<LI><a href="#[105]">&gt;&gt;</a>&nbsp;&nbsp;&nbsp;SetNoOfLastDetectedWorkingLamps
<LI><a href="#[d8]">&gt;&gt;</a>&nbsp;&nbsp;&nbsp;SetEmergencyMethodSet
<LI><a href="#[fa]">&gt;&gt;</a>&nbsp;&nbsp;&nbsp;SGRuntimeLampFailYellowSet
<LI><a href="#[102]">&gt;&gt;</a>&nbsp;&nbsp;&nbsp;SGRuntimeLampFailYellowGet
<LI><a href="#[fe]">&gt;&gt;</a>&nbsp;&nbsp;&nbsp;SGRuntimeLampFailYellowAllSet
<LI><a href="#[fd]">&gt;&gt;</a>&nbsp;&nbsp;&nbsp;SGRuntimeLampFailYellowAllGet
<LI><a href="#[f9]">&gt;&gt;</a>&nbsp;&nbsp;&nbsp;SGRuntimeLampFailRedSet
<LI><a href="#[101]">&gt;&gt;</a>&nbsp;&nbsp;&nbsp;SGRuntimeLampFailRedGet
<LI><a href="#[f4]">&gt;&gt;</a>&nbsp;&nbsp;&nbsp;SGRuntimeLampFailRedAllSet
<LI><a href="#[fc]">&gt;&gt;</a>&nbsp;&nbsp;&nbsp;SGRuntimeLampFailRedAllGet
<LI><a href="#[f8]">&gt;&gt;</a>&nbsp;&nbsp;&nbsp;SGRuntimeLampFailNumberOfRedSet
<LI><a href="#[f7]">&gt;&gt;</a>&nbsp;&nbsp;&nbsp;SGRuntimeLampFailNumberOfRedGet
<LI><a href="#[f3]">&gt;&gt;</a>&nbsp;&nbsp;&nbsp;SGRuntimeLampFailLastRedSet
<LI><a href="#[f2]">&gt;&gt;</a>&nbsp;&nbsp;&nbsp;SGRuntimeLampFailLastRedGet
<LI><a href="#[fb]">&gt;&gt;</a>&nbsp;&nbsp;&nbsp;SGRuntimeLampFailGreenSet
<LI><a href="#[103]">&gt;&gt;</a>&nbsp;&nbsp;&nbsp;SGRuntimeLampFailGreenGet
<LI><a href="#[100]">&gt;&gt;</a>&nbsp;&nbsp;&nbsp;SGRuntimeLampFailGreenAllSet
<LI><a href="#[ff]">&gt;&gt;</a>&nbsp;&nbsp;&nbsp;SGRuntimeLampFailGreenAllGet
<LI><a href="#[da]">&gt;&gt;</a>&nbsp;&nbsp;&nbsp;LogRequest
<LI><a href="#[af]">&gt;&gt;</a>&nbsp;&nbsp;&nbsp;LampDimmingStateChangedGet
<LI><a href="#[e9]">&gt;&gt;</a>&nbsp;&nbsp;&nbsp;IncreaseWorkingLampChangeCounter
<LI><a href="#[e8]">&gt;&gt;</a>&nbsp;&nbsp;&nbsp;GetWorkingLampChangesAcceptCount
<LI><a href="#[e7]">&gt;&gt;</a>&nbsp;&nbsp;&nbsp;GetWorkingLampChangeCounter
<LI><a href="#[ee]">&gt;&gt;</a>&nbsp;&nbsp;&nbsp;GetSOType
<LI><a href="#[ea]">&gt;&gt;</a>&nbsp;&nbsp;&nbsp;GetSOOwner
<LI><a href="#[e3]">&gt;&gt;</a>&nbsp;&nbsp;&nbsp;GetSONoOfWorkingLamps
<LI><a href="#[ed]">&gt;&gt;</a>&nbsp;&nbsp;&nbsp;GetSONoOfLamps
<LI><a href="#[e4]">&gt;&gt;</a>&nbsp;&nbsp;&nbsp;GetSOMinPower
<LI><a href="#[ec]">&gt;&gt;</a>&nbsp;&nbsp;&nbsp;GetSOEM
<LI><a href="#[f6]">&gt;&gt;</a>&nbsp;&nbsp;&nbsp;GetSGRedLampFailureNumberEM
<LI><a href="#[f5]">&gt;&gt;</a>&nbsp;&nbsp;&nbsp;GetSGRedLampFailureNumber
<LI><a href="#[d7]">&gt;&gt;</a>&nbsp;&nbsp;&nbsp;GetSGOwner
<LI><a href="#[ef]">&gt;&gt;</a>&nbsp;&nbsp;&nbsp;GetSGNoOfLamps
<LI><a href="#[f0]">&gt;&gt;</a>&nbsp;&nbsp;&nbsp;GetSGNoOfFailedLamps
<LI><a href="#[f1]">&gt;&gt;</a>&nbsp;&nbsp;&nbsp;GetSGLastRedLampFailureEM
<LI><a href="#[e6]">&gt;&gt;</a>&nbsp;&nbsp;&nbsp;GetNoOfLastDetectedWorkingLamps
<LI><a href="#[104]">&gt;&gt;</a>&nbsp;&nbsp;&nbsp;ClearWorkingLampChangeCounter
</UL>
<BR>[Called By]<UL><LI><a href="#[71]">&gt;&gt;</a>&nbsp;&nbsp;&nbsp;SignalCheckTaskFunc
</UL>

<P><STRONG><a name="[1b1]"></a>ModuleActiveNowGet</STRONG> (Thumb, 18 bytes, Stack size 0 bytes, signaloutputcatch.o(i.ModuleActiveNowGet))
<BR><BR>[Called By]<UL><LI><a href="#[1b0]">&gt;&gt;</a>&nbsp;&nbsp;&nbsp;ModuleControl
</UL>

<P><STRONG><a name="[1b3]"></a>ModuleActivePrevGet</STRONG> (Thumb, 18 bytes, Stack size 0 bytes, signaloutputcatch.o(i.ModuleActivePrevGet))
<BR><BR>[Called By]<UL><LI><a href="#[1b0]">&gt;&gt;</a>&nbsp;&nbsp;&nbsp;ModuleControl
</UL>

<P><STRONG><a name="[1b4]"></a>ModuleActivePrevSet</STRONG> (Thumb, 24 bytes, Stack size 8 bytes, signaloutputcatch.o(i.ModuleActivePrevSet))
<BR><BR>[Stack]<UL><LI>Max Depth = 8<LI>Call Chain = ModuleActivePrevSet
</UL>
<BR>[Called By]<UL><LI><a href="#[1b0]">&gt;&gt;</a>&nbsp;&nbsp;&nbsp;ModuleControl
</UL>

<P><STRONG><a name="[1b0]"></a>ModuleControl</STRONG> (Thumb, 260 bytes, Stack size 24 bytes, signaloutputcatch.o(i.ModuleControl))
<BR><BR>[Stack]<UL><LI>Max Depth = 192<LI>Call Chain = ModuleControl &rArr; LogRequest &rArr; osMessageQueuePut &rArr; xQueueGenericSend &rArr; xTaskResumeAll &rArr; xTaskIncrementTick
</UL>
<BR>[Calls]<UL><LI><a href="#[1b2]">&gt;&gt;</a>&nbsp;&nbsp;&nbsp;ModuleIsActive
<LI><a href="#[1b4]">&gt;&gt;</a>&nbsp;&nbsp;&nbsp;ModuleActivePrevSet
<LI><a href="#[1b3]">&gt;&gt;</a>&nbsp;&nbsp;&nbsp;ModuleActivePrevGet
<LI><a href="#[1b1]">&gt;&gt;</a>&nbsp;&nbsp;&nbsp;ModuleActiveNowGet
<LI><a href="#[c1]">&gt;&gt;</a>&nbsp;&nbsp;&nbsp;SOCatchModuleActiveNowSet
<LI><a href="#[da]">&gt;&gt;</a>&nbsp;&nbsp;&nbsp;LogRequest
<LI><a href="#[ea]">&gt;&gt;</a>&nbsp;&nbsp;&nbsp;GetSOOwner
</UL>
<BR>[Called By]<UL><LI><a href="#[6e]">&gt;&gt;</a>&nbsp;&nbsp;&nbsp;SOCatchTaskFunc
</UL>

<P><STRONG><a name="[1b2]"></a>ModuleIsActive</STRONG> (Thumb, 24 bytes, Stack size 0 bytes, signaloutputcatch.o(i.ModuleIsActive))
<BR><BR>[Called By]<UL><LI><a href="#[1b0]">&gt;&gt;</a>&nbsp;&nbsp;&nbsp;ModuleControl
</UL>
<P>
<H3>
Undefined Global Symbols
</H3><HR></body></html>
